Archive member included to satisfy reference by file (symbol)

C:\Users\Andrea\.platformio\packages\framework-arduinoasrmicro650x\cores\asr650x\projects\CubeCellLib.a(AT_Command.o)
                              .pio\build\cubecell_board\src\LoRaWan.ino.cpp.o (enableAt)
C:\Users\Andrea\.platformio\packages\framework-arduinoasrmicro650x\cores\asr650x\projects\CubeCellLib.a(UART_1.o)
                              C:\Users\Andrea\.platformio\packages\framework-arduinoasrmicro650x\cores\asr650x\projects\CubeCellLib.a(AT_Command.o) (UART_1_Start)
C:\Users\Andrea\.platformio\packages\framework-arduinoasrmicro650x\cores\asr650x\projects\CubeCellLib.a(ASR_Arduino.o)
                              C:\Users\Andrea\.platformio\packages\framework-arduinoasrmicro650x\cores\asr650x\projects\CubeCellLib.a(AT_Command.o) (license_check)
C:\Users\Andrea\.platformio\packages\framework-arduinoasrmicro650x\cores\asr650x\projects\CubeCellLib.a(timeServer.o)
                              C:\Users\Andrea\.platformio\packages\framework-arduinoasrmicro650x\cores\asr650x\projects\CubeCellLib.a(AT_Command.o) (TimerInit)
C:\Users\Andrea\.platformio\packages\framework-arduinoasrmicro650x\cores\asr650x\projects\CubeCellLib.a(lorawan_port.o)
                              C:\Users\Andrea\.platformio\packages\framework-arduinoasrmicro650x\cores\asr650x\projects\CubeCellLib.a(timeServer.o) (aos_lrwan_time_itf)
C:\Users\Andrea\.platformio\packages\framework-arduinoasrmicro650x\cores\asr650x\projects\CubeCellLib.a(asr_timer.o)
                              C:\Users\Andrea\.platformio\packages\framework-arduinoasrmicro650x\cores\asr650x\projects\CubeCellLib.a(lorawan_port.o) (Asr_Timer_RegisterAlarmCallback)
C:\Users\Andrea\.platformio\packages\framework-arduinoasrmicro650x\cores\asr650x\projects\CubeCellLib.a(cyfitter_cfg.o)
                              C:\Users\Andrea\.platformio\packages\framework-arduinoasrmicro650x\cores\asr650x\projects\CubeCellLib.a(ASR_Arduino.o) (systime)
.pio\build\cubecell_board\lib436\libVL53L0X.a(VL53L0X.cpp.o)
                              .pio\build\cubecell_board\src\LoRaWan.ino.cpp.o (VL53L0X::VL53L0X())
.pio\build\cubecell_board\libdc0\libLoRa.a(LoRaWan_APP.cpp.o)
                              .pio\build\cubecell_board\src\LoRaWan.ino.cpp.o (getBatteryVoltage)
.pio\build\cubecell_board\libdc0\libLoRa.a(LoRa_APP.cpp.o)
                              C:\Users\Andrea\.platformio\packages\framework-arduinoasrmicro650x\cores\asr650x\projects\CubeCellLib.a(AT_Command.o) (LoraRxTimeout)
.pio\build\cubecell_board\libFrameworkArduino.a(HardwareSerial.cpp.o)
                              .pio\build\cubecell_board\src\LoRaWan.ino.cpp.o (HardwareSerial::begin(unsigned long, signed char, unsigned long, bool, unsigned long))
.pio\build\cubecell_board\libFrameworkArduino.a(Wire.cpp.o)
                              .pio\build\cubecell_board\src\LoRaWan.ino.cpp.o (TwoWire::begin(unsigned long, signed char))
.pio\build\cubecell_board\libFrameworkArduino.a(asr_board.c.o)
                              .pio\build\cubecell_board\src\LoRaWan.ino.cpp.o (boardInitMcu)
.pio\build\cubecell_board\libFrameworkArduino.a(gpio.c.o)
                              .pio\build\cubecell_board\libFrameworkArduino.a(asr_board.c.o) (GpioInit)
.pio\build\cubecell_board\libFrameworkArduino.a(spi-board.c.o)
                              .pio\build\cubecell_board\libFrameworkArduino.a(asr_board.c.o) (SpiInit)
.pio\build\cubecell_board\libFrameworkArduino.a(ADC_SAR_Seq.c.o)
                              C:\Users\Andrea\.platformio\packages\framework-arduinoasrmicro650x\cores\asr650x\projects\CubeCellLib.a(ASR_Arduino.o) (ADC_SAR_Seq_Start)
.pio\build\cubecell_board\libFrameworkArduino.a(ADC_SAR_Seq_INT.c.o)
                              .pio\build\cubecell_board\libFrameworkArduino.a(ADC_SAR_Seq.c.o) (ADC_SAR_Seq_ISR)
.pio\build\cubecell_board\libFrameworkArduino.a(I2C_1_I2C_MASTER.c.o)
                              .pio\build\cubecell_board\libFrameworkArduino.a(Wire.cpp.o) (I2C_1_I2CMasterSendStart)
.pio\build\cubecell_board\libFrameworkArduino.a(I2C_I2C_MASTER.c.o)
                              .pio\build\cubecell_board\libFrameworkArduino.a(Wire.cpp.o) (I2C_I2CMasterSendStart)
.pio\build\cubecell_board\libFrameworkArduino.a(PWM1.c.o)
                              C:\Users\Andrea\.platformio\packages\framework-arduinoasrmicro650x\cores\asr650x\projects\CubeCellLib.a(ASR_Arduino.o) (PWM1_Stop)
.pio\build\cubecell_board\libFrameworkArduino.a(PWM2.c.o)
                              C:\Users\Andrea\.platformio\packages\framework-arduinoasrmicro650x\cores\asr650x\projects\CubeCellLib.a(ASR_Arduino.o) (PWM2_Stop)
.pio\build\cubecell_board\libFrameworkArduino.a(Print.cpp.o)
                              .pio\build\cubecell_board\libdc0\libLoRa.a(LoRaWan_APP.cpp.o) (Print::printf(char const*, ...))
.pio\build\cubecell_board\libFrameworkArduino.a(Stream.cpp.o)
[...]
Memory Configuration

Name             Origin             Length             Attributes
rom              0x0000000000000000 0x0000000000020000 xr
ram              0x0000000020000000 0x0000000000004000 xrw
*default*        0x0000000000000000 0xffffffffffffffff

Linker script and memory map

LOAD c:/users/andrea/.platformio/packages/toolchain-gccarmnoneeabi/bin/../lib/gcc/arm-none-eabi/9.2.1/thumb/v6-m/nofp/crti.o
LOAD c:/users/andrea/.platformio/packages/toolchain-gccarmnoneeabi/bin/../lib/gcc/arm-none-eabi/9.2.1/thumb/v6-m/nofp/crtbegin.o
LOAD c:/users/andrea/.platformio/packages/toolchain-gccarmnoneeabi/bin/../lib/gcc/arm-none-eabi/9.2.1/../../../../arm-none-eabi/lib/thumb/v6-m/nofp/crt0.o
LOAD .pio\build\cubecell_board\src\LoRaWan.ino.cpp.o
START GROUP
LOAD C:\Users\Andrea\.platformio\packages\framework-arduinoasrmicro650x\cores\asr650x\projects\CubeCellLib.a
LOAD .pio\build\cubecell_board\lib436\libVL53L0X.a
LOAD .pio\build\cubecell_board\lib640\libRGB.a
LOAD .pio\build\cubecell_board\libb32\libOLED.a
LOAD .pio\build\cubecell_board\libdc0\libLoRa.a
LOAD .pio\build\cubecell_board\libFrameworkArduinoVariant.a
LOAD .pio\build\cubecell_board\libFrameworkArduino.a
LOAD c:/users/andrea/.platformio/packages/toolchain-gccarmnoneeabi/bin/../lib/gcc/arm-none-eabi/9.2.1/../../../../arm-none-eabi/lib/thumb/v6-m/nofp\libstdc++_nano.a
END GROUP
LOAD c:/users/andrea/.platformio/packages/toolchain-gccarmnoneeabi/bin/../lib/gcc/arm-none-eabi/9.2.1/../../../../arm-none-eabi/lib/thumb/v6-m/nofp\libstdc++_nano.a
LOAD c:/users/andrea/.platformio/packages/toolchain-gccarmnoneeabi/bin/../lib/gcc/arm-none-eabi/9.2.1/../../../../arm-none-eabi/lib/thumb/v6-m/nofp\libm.a
START GROUP
LOAD c:/users/andrea/.platformio/packages/toolchain-gccarmnoneeabi/bin/../lib/gcc/arm-none-eabi/9.2.1/thumb/v6-m/nofp\libgcc.a
LOAD c:/users/andrea/.platformio/packages/toolchain-gccarmnoneeabi/bin/../lib/gcc/arm-none-eabi/9.2.1/../../../../arm-none-eabi/lib/thumb/v6-m/nofp\libc_nano.a
END GROUP
START GROUP
LOAD c:/users/andrea/.platformio/packages/toolchain-gccarmnoneeabi/bin/../lib/gcc/arm-none-eabi/9.2.1/thumb/v6-m/nofp\libgcc.a
LOAD c:/users/andrea/.platformio/packages/toolchain-gccarmnoneeabi/bin/../lib/gcc/arm-none-eabi/9.2.1/../../../../arm-none-eabi/lib/thumb/v6-m/nofp\libc_nano.a
END GROUP
LOAD c:/users/andrea/.platformio/packages/toolchain-gccarmnoneeabi/bin/../lib/gcc/arm-none-eabi/9.2.1/thumb/v6-m/nofp/crtend.o
LOAD c:/users/andrea/.platformio/packages/toolchain-gccarmnoneeabi/bin/../lib/gcc/arm-none-eabi/9.2.1/thumb/v6-m/nofp/crtn.o
START GROUP
LOAD c:/users/andrea/.platformio/packages/toolchain-gccarmnoneeabi/bin/../lib/gcc/arm-none-eabi/9.2.1/thumb/v6-m/nofp\libgcc.a
LOAD c:/users/andrea/.platformio/packages/toolchain-gccarmnoneeabi/bin/../lib/gcc/arm-none-eabi/9.2.1/../../../../arm-none-eabi/lib/thumb/v6-m/nofp\libc.a
LOAD c:/users/andrea/.platformio/packages/toolchain-gccarmnoneeabi/bin/../lib/gcc/arm-none-eabi/9.2.1/../../../../arm-none-eabi/lib/thumb/v6-m/nofp\libnosys.a
END GROUP
                0x0000000000000000                CY_APPL_ORIGIN = 0x0
                0x0000000000000100                CY_FLASH_ROW_SIZE = 0x100
                0x0000000000000001                CY_APPL_NUM = 0x1
                0x0000000000000001                CY_APPL_MAX = 0x1
                0x0000000000000040                CY_METADATA_SIZE = 0x40
                0x0000000000000001                CY_APPL_LOADABLE = 0x1
                0x0000000000000000                CY_CHECKSUM_EXCLUDE_SIZE = ALIGN (0x0, CY_FLASH_ROW_SIZE)
                0x0000000000000000                CY_APP_FOR_STACK_AND_COPIER = 0x0
                [!provide]                        PROVIDE (__cy_heap_start = _end)
                0x0000000000000001                PROVIDE (__cy_region_num = ((__cy_regions_end - __cy_regions) / 0x10))
                0x0000000020004000                PROVIDE (__cy_stack = (ORIGIN (ram) + LENGTH (ram)))
                [!provide]                        PROVIDE (__cy_heap_end = (__cy_stack - 0x800))

.cybootloader   0x0000000000000000     0x2200
 *(.cybootloader)
 .cybootloader  0x0000000000000000     0x2200 .pio\build\cubecell_board\libFrameworkArduino.a(cybootloader.c.o)
                0x0000000000000000                cy_bootloader
                0x0000000000002200                appl1_start = CY_APPL_ORIGIN?CY_APPL_ORIGIN:ALIGN (CY_FLASH_ROW_SIZE)
                0x0000000000011000                appl2_start = (appl1_start + ALIGN ((((LENGTH (rom) - appl1_start) - (0x2 * CY_FLASH_ROW_SIZE)) / 0x2), CY_FLASH_ROW_SIZE))
                0x0000000000002200                appl_start = (CY_APPL_NUM == 0x1)?appl1_start:appl2_start
                0x0000000000000000                cy_project_type_bootloader = (appl_start == 0x0)?0x1:0x0
                0x0000000000000000                cy_project_type_app_for_stack_and_copier = (CY_APP_FOR_STACK_AND_COPIER == 0x1)?0x1:0x0

.text           0x0000000000002200    0x12a14
 CREATE_OBJECT_SYMBOLS
                0x0000000000002200                PROVIDE (__cy_interrupt_vector = RomVectors)
 *(.romvectors)
 .romvectors    0x0000000000002200       0x10 .pio\build\cubecell_board\libFrameworkArduino.a(Cm0plusStart.c.o)
                0x0000000000002200                RomVectors
                0x0000000000000001                ASSERT ((. != __cy_interrupt_vector), No interrupt vector)
                0x0000000000000001                ASSERT (CY_APPL_ORIGIN?(SIZEOF (.cybootloader) <= CY_APPL_ORIGIN):0x1, Wrong image location)
                0x0000000000002210                PROVIDE (__cy_reset = Reset)
 *(.text.Reset)
 .text.Reset    0x0000000000002210       0x18 .pio\build\cubecell_board\libFrameworkArduino.a(Cm0plusStart.c.o)
                0x0000000000002210                Reset
                0x0000000000000001                ASSERT ((. != __cy_reset), No reset code)
 *(.psocinit)
 .psocinit      0x0000000000002228      0x1b4 C:\Users\Andrea\.platformio\packages\framework-arduinoasrmicro650x\cores\asr650x\projects\CubeCellLib.a(cyfitter_cfg.o)
                0x0000000000002228                cyfitter_cfg
                0x00000000000023dc                . = MAX (., 0x100)
 *(.text .text.* .gnu.linkonce.t.*)
 .text.__do_global_dtors_aux
                0x00000000000023dc       0x28 c:/users/andrea/.platformio/packages/toolchain-gccarmnoneeabi/bin/../lib/gcc/arm-none-eabi/9.2.1/thumb/v6-m/nofp/crtbegin.o
 .text.frame_dummy
                0x0000000000002404       0x20 c:/users/andrea/.platformio/packages/toolchain-gccarmnoneeabi/bin/../lib/gcc/arm-none-eabi/9.2.1/thumb/v6-m/nofp/crtbegin.o
 .text._Z5setupv
                0x0000000000002424      0x1ac .pio\build\cubecell_board\src\LoRaWan.ino.cpp.o
                0x0000000000002424                setup()
 .text._Z4loopv
                0x00000000000025d0      0x208 .pio\build\cubecell_board\src\LoRaWan.ino.cpp.o
                0x00000000000025d0                loop()
 .text.startup._GLOBAL__sub_I_sensor
                0x00000000000027d8       0x18 .pio\build\cubecell_board\src\LoRaWan.ino.cpp.o
 .text.unlikely.printLoraPara
                0x00000000000027f0       0x5c C:\Users\Andrea\.platformio\packages\framework-arduinoasrmicro650x\cores\asr650x\projects\CubeCellLib.a(AT_Command.o)
 .text.getLoraPara
                0x000000000000284c       0xb0 C:\Users\Andrea\.platformio\packages\framework-arduinoasrmicro650x\cores\asr650x\projects\CubeCellLib.a(AT_Command.o)
 .text.saveLoraPara
                0x00000000000028fc       0xb0 C:\Users\Andrea\.platformio\packages\framework-arduinoasrmicro650x\cores\asr650x\projects\CubeCellLib.a(AT_Command.o)
 .text.unlikely.updateLicence
                0x00000000000029ac       0x68 C:\Users\Andrea\.platformio\packages\framework-arduinoasrmicro650x\cores\asr650x\projects\CubeCellLib.a(AT_Command.o)
 .text.initAt   0x0000000000002a14       0x30 C:\Users\Andrea\.platformio\packages\framework-arduinoasrmicro650x\cores\asr650x\projects\CubeCellLib.a(AT_Command.o)
 .text.onAutoLpm
                0x0000000000002a44       0x58 C:\Users\Andrea\.platformio\packages\framework-arduinoasrmicro650x\cores\asr650x\projects\CubeCellLib.a(AT_Command.o)
 .text.unlikely.print_Para.isra.1
                0x0000000000002a9c      0x130 C:\Users\Andrea\.platformio\packages\framework-arduinoasrmicro650x\cores\asr650x\projects\CubeCellLib.a(AT_Command.o)
 .text.unlikely.checkLoraParaformat.isra.2
                0x0000000000002bcc       0x84 C:\Users\Andrea\.platformio\packages\framework-arduinoasrmicro650x\cores\asr650x\projects\CubeCellLib.a(AT_Command.o)
 .text.unlikely.check_content.isra.5
                0x0000000000002c50      0x390 C:\Users\Andrea\.platformio\packages\framework-arduinoasrmicro650x\cores\asr650x\projects\CubeCellLib.a(AT_Command.o)
 .text.wakefromUart
                0x0000000000002fe0       0xa4 C:\Users\Andrea\.platformio\packages\framework-arduinoasrmicro650x\cores\asr650x\projects\CubeCellLib.a(AT_Command.o)
 .text.ReceiveCommand
                0x0000000000003084       0x64 C:\Users\Andrea\.platformio\packages\framework-arduinoasrmicro650x\cores\asr650x\projects\CubeCellLib.a(AT_Command.o)
 .text.updatePrintCopyright
                0x00000000000030e8       0x3c C:\Users\Andrea\.platformio\packages\framework-arduinoasrmicro650x\cores\asr650x\projects\CubeCellLib.a(AT_Command.o)
                0x00000000000030e8                updatePrintCopyright
 .text.checkUserAt
                0x0000000000003124        0x4 C:\Users\Andrea\.platformio\packages\framework-arduinoasrmicro650x\cores\asr650x\projects\CubeCellLib.a(AT_Command.o)
                0x0000000000003124                checkUserAt
 .text.enableAt
                0x0000000000003128       0x2c C:\Users\Andrea\.platformio\packages\framework-arduinoasrmicro650x\cores\asr650x\projects\CubeCellLib.a(AT_Command.o)
                0x0000000000003128                enableAt
 .text.print_para_1
                0x0000000000003154       0x20 C:\Users\Andrea\.platformio\packages\framework-arduinoasrmicro650x\cores\asr650x\projects\CubeCellLib.a(AT_Command.o)
                0x0000000000003154                print_para_1
 .text.getDevParam
                0x0000000000003174      0x208 C:\Users\Andrea\.platformio\packages\framework-arduinoasrmicro650x\cores\asr650x\projects\CubeCellLib.a(AT_Command.o)
                0x0000000000003174                getDevParam
 .text.netInfoDisable
                0x000000000000337c       0x1a C:\Users\Andrea\.platformio\packages\framework-arduinoasrmicro650x\cores\asr650x\projects\CubeCellLib.a(AT_Command.o)
                0x000000000000337c                netInfoDisable
 *fill*         0x0000000000003396        0x2 
 .text.onUartEvent
                0x0000000000003398      0xc4c C:\Users\Andrea\.platformio\packages\framework-arduinoasrmicro650x\cores\asr650x\projects\CubeCellLib.a(AT_Command.o)
 .text.saveNetInfo
                0x0000000000003fe4       0x58 C:\Users\Andrea\.platformio\packages\framework-arduinoasrmicro650x\cores\asr650x\projects\CubeCellLib.a(AT_Command.o)
                0x0000000000003fe4                saveNetInfo
 .text.checkNetInfo
                0x000000000000403c       0x28 C:\Users\Andrea\.platformio\packages\framework-arduinoasrmicro650x\cores\asr650x\projects\CubeCellLib.a(AT_Command.o)
                0x000000000000403c                checkNetInfo
 .text.saveDownCnt
                0x0000000000004064       0x40 C:\Users\Andrea\.platformio\packages\framework-arduinoasrmicro650x\cores\asr650x\projects\CubeCellLib.a(AT_Command.o)
                0x0000000000004064                saveDownCnt
 .text.getNetInfo
                0x00000000000040a4      0x120 C:\Users\Andrea\.platformio\packages\framework-arduinoasrmicro650x\cores\asr650x\projects\CubeCellLib.a(AT_Command.o)
                0x00000000000040a4                getNetInfo
 .text.printDevParam
                0x00000000000041c4      0x224 C:\Users\Andrea\.platformio\packages\framework-arduinoasrmicro650x\cores\asr650x\projects\CubeCellLib.a(AT_Command.o)
                0x00000000000041c4                printDevParam
 .text.UART_1_Enable
                0x00000000000043e8       0x20 C:\Users\Andrea\.platformio\packages\framework-arduinoasrmicro650x\cores\asr650x\projects\CubeCellLib.a(UART_1.o)
                0x00000000000043e8                UART_1_Enable
 .text.UART_1_Start
                0x0000000000004408       0x54 C:\Users\Andrea\.platformio\packages\framework-arduinoasrmicro650x\cores\asr650x\projects\CubeCellLib.a(UART_1.o)
                0x0000000000004408                UART_1_Start
 .text.UART_1_Stop
                0x000000000000445c       0x54 C:\Users\Andrea\.platformio\packages\framework-arduinoasrmicro650x\cores\asr650x\projects\CubeCellLib.a(UART_1.o)
                0x000000000000445c                UART_1_Stop
 .text.globalGpioIsrEntry
                0x00000000000044b0       0x58 C:\Users\Andrea\.platformio\packages\framework-arduinoasrmicro650x\cores\asr650x\projects\CubeCellLib.a(ASR_Arduino.o)
                0x00000000000044b0                globalGpioIsrEntry
 .text.getID    0x0000000000004508       0x18 C:\Users\Andrea\.platformio\packages\framework-arduinoasrmicro650x\cores\asr650x\projects\CubeCellLib.a(ASR_Arduino.o)
                0x0000000000004508                getID
 .text.license_check
                0x0000000000004520      0x268 C:\Users\Andrea\.platformio\packages\framework-arduinoasrmicro650x\cores\asr650x\projects\CubeCellLib.a(ASR_Arduino.o)
                0x0000000000004520                license_check
 .text.pinMode  0x0000000000004788       0x6c C:\Users\Andrea\.platformio\packages\framework-arduinoasrmicro650x\cores\asr650x\projects\CubeCellLib.a(ASR_Arduino.o)
                0x0000000000004788                pinMode
 .text.digitalWrite
                0x00000000000047f4       0x68 C:\Users\Andrea\.platformio\packages\framework-arduinoasrmicro650x\cores\asr650x\projects\CubeCellLib.a(ASR_Arduino.o)
                0x00000000000047f4                digitalWrite
 .text.digitalRead
                0x000000000000485c       0x20 C:\Users\Andrea\.platformio\packages\framework-arduinoasrmicro650x\cores\asr650x\projects\CubeCellLib.a(ASR_Arduino.o)
                0x000000000000485c                digitalRead
 .text.ClearPinInterrupt
                0x000000000000487c       0x1c C:\Users\Andrea\.platformio\packages\framework-arduinoasrmicro650x\cores\asr650x\projects\CubeCellLib.a(ASR_Arduino.o)
                0x000000000000487c                ClearPinInterrupt
 .text.attachInterrupt
                0x0000000000004898       0x7c C:\Users\Andrea\.platformio\packages\framework-arduinoasrmicro650x\cores\asr650x\projects\CubeCellLib.a(ASR_Arduino.o)
                0x0000000000004898                attachInterrupt
 .text.detachInterrupt
                0x0000000000004914       0x6c C:\Users\Andrea\.platformio\packages\framework-arduinoasrmicro650x\cores\asr650x\projects\CubeCellLib.a(ASR_Arduino.o)
                0x0000000000004914                detachInterrupt
 .text.analogRead
                0x0000000000004980       0x70 C:\Users\Andrea\.platformio\packages\framework-arduinoasrmicro650x\cores\asr650x\projects\CubeCellLib.a(ASR_Arduino.o)
                0x0000000000004980                analogRead
 .text.delay    0x00000000000049f0        0x8 C:\Users\Andrea\.platformio\packages\framework-arduinoasrmicro650x\cores\asr650x\projects\CubeCellLib.a(ASR_Arduino.o)
                0x00000000000049f0                delay
 .text.millis   0x00000000000049f8        0xc C:\Users\Andrea\.platformio\packages\framework-arduinoasrmicro650x\cores\asr650x\projects\CubeCellLib.a(ASR_Arduino.o)
                0x00000000000049f8                millis
 .text.SPI_BUSY_SetDriveMode
                0x0000000000004a04        0x2 C:\Users\Andrea\.platformio\packages\framework-arduinoasrmicro650x\cores\asr650x\projects\CubeCellLib.a(ASR_Arduino.o)
                0x0000000000004a04                SPI_BUSY_SetDriveMode
 .text.SPI_NRESET_SetDriveMode
                0x0000000000004a06        0x2 C:\Users\Andrea\.platformio\packages\framework-arduinoasrmicro650x\cores\asr650x\projects\CubeCellLib.a(ASR_Arduino.o)
                0x0000000000004a06                SPI_NRESET_SetDriveMode
 .text.antpow_SetDriveMode
                0x0000000000004a08        0x2 C:\Users\Andrea\.platformio\packages\framework-arduinoasrmicro650x\cores\asr650x\projects\CubeCellLib.a(ASR_Arduino.o)
                0x0000000000004a08                antpow_SetDriveMode
 .text.SPI_1_miso_m_SetDriveMode
                0x0000000000004a0a        0x2 C:\Users\Andrea\.platformio\packages\framework-arduinoasrmicro650x\cores\asr650x\projects\CubeCellLib.a(ASR_Arduino.o)
                0x0000000000004a0a                SPI_1_miso_m_SetDriveMode
 .text.SPI_1_mosi_m_SetDriveMode
                0x0000000000004a0c        0x2 C:\Users\Andrea\.platformio\packages\framework-arduinoasrmicro650x\cores\asr650x\projects\CubeCellLib.a(ASR_Arduino.o)
                0x0000000000004a0c                SPI_1_mosi_m_SetDriveMode
 .text.SPI_1_sclk_m_SetDriveMode
                0x0000000000004a0e        0x2 C:\Users\Andrea\.platformio\packages\framework-arduinoasrmicro650x\cores\asr650x\projects\CubeCellLib.a(ASR_Arduino.o)
                0x0000000000004a0e                SPI_1_sclk_m_SetDriveMode
 .text.TimeStampsUpdate
                0x0000000000004a10       0x38 C:\Users\Andrea\.platformio\packages\framework-arduinoasrmicro650x\cores\asr650x\projects\CubeCellLib.a(timeServer.o)
 .text.TimerSetTimeout
                0x0000000000004a48       0x10 C:\Users\Andrea\.platformio\packages\framework-arduinoasrmicro650x\cores\asr650x\projects\CubeCellLib.a(timeServer.o)
 .text.TimerInsertNewHeadTimer
                0x0000000000004a58       0x1c C:\Users\Andrea\.platformio\packages\framework-arduinoasrmicro650x\cores\asr650x\projects\CubeCellLib.a(timeServer.o)
 .text.TimerSetSysTime
                0x0000000000004a74       0x10 C:\Users\Andrea\.platformio\packages\framework-arduinoasrmicro650x\cores\asr650x\projects\CubeCellLib.a(timeServer.o)
                0x0000000000004a74                TimerSetSysTime
 .text.TimerGetSysTime
                0x0000000000004a84       0x28 C:\Users\Andrea\.platformio\packages\framework-arduinoasrmicro650x\cores\asr650x\projects\CubeCellLib.a(timeServer.o)
                0x0000000000004a84                TimerGetSysTime
 .text.TimerInit
                0x0000000000004aac        0xe C:\Users\Andrea\.platformio\packages\framework-arduinoasrmicro650x\cores\asr650x\projects\CubeCellLib.a(timeServer.o)
                0x0000000000004aac                TimerInit
 *fill*         0x0000000000004aba        0x2 
 .text.TimerStart
                0x0000000000004abc       0x88 C:\Users\Andrea\.platformio\packages\framework-arduinoasrmicro650x\cores\asr650x\projects\CubeCellLib.a(timeServer.o)
                0x0000000000004abc                TimerStart
 .text.TimerIrqHandler
                0x0000000000004b44       0x70 C:\Users\Andrea\.platformio\packages\framework-arduinoasrmicro650x\cores\asr650x\projects\CubeCellLib.a(timeServer.o)
                0x0000000000004b44                TimerIrqHandler
 .text.TimerStop
                0x0000000000004bb4       0x68 C:\Users\Andrea\.platformio\packages\framework-arduinoasrmicro650x\cores\asr650x\projects\CubeCellLib.a(timeServer.o)
                0x0000000000004bb4                TimerStop
 .text.TimerSetValue
                0x0000000000004c1c       0x1c C:\Users\Andrea\.platformio\packages\framework-arduinoasrmicro650x\cores\asr650x\projects\CubeCellLib.a(timeServer.o)
                0x0000000000004c1c                TimerSetValue
 .text.TimerGetCurrentTime
                0x0000000000004c38       0x10 C:\Users\Andrea\.platformio\packages\framework-arduinoasrmicro650x\cores\asr650x\projects\CubeCellLib.a(timeServer.o)
                0x0000000000004c38                TimerGetCurrentTime
 .text.TimerGetElapsedTime
                0x0000000000004c48       0x10 C:\Users\Andrea\.platformio\packages\framework-arduinoasrmicro650x\cores\asr650x\projects\CubeCellLib.a(timeServer.o)
                0x0000000000004c48                TimerGetElapsedTime
 .text.TimerTempCompensation
                0x0000000000004c58        0x2 C:\Users\Andrea\.platformio\packages\framework-arduinoasrmicro650x\cores\asr650x\projects\CubeCellLib.a(timeServer.o)
                0x0000000000004c58                TimerTempCompensation
 *fill*         0x0000000000004c5a        0x2 
 .text.get_timer_context
                0x0000000000004c5c        0xc C:\Users\Andrea\.platformio\packages\framework-arduinoasrmicro650x\cores\asr650x\projects\CubeCellLib.a(lorawan_port.o)
 .text.set_timer_val
                0x0000000000004c68        0xc C:\Users\Andrea\.platformio\packages\framework-arduinoasrmicro650x\cores\asr650x\projects\CubeCellLib.a(lorawan_port.o)
 .text.radio_rw_dis
                0x0000000000004c74        0x2 C:\Users\Andrea\.platformio\packages\framework-arduinoasrmicro650x\cores\asr650x\projects\CubeCellLib.a(lorawan_port.o)
 .text.radio_rw
                0x0000000000004c76        0x4 C:\Users\Andrea\.platformio\packages\framework-arduinoasrmicro650x\cores\asr650x\projects\CubeCellLib.a(lorawan_port.o)
 *fill*         0x0000000000004c7a        0x2 
 .text.RTC_Update_ASR
                0x0000000000004c7c       0x28 C:\Users\Andrea\.platformio\packages\framework-arduinoasrmicro650x\cores\asr650x\projects\CubeCellLib.a(lorawan_port.o)
                0x0000000000004c7c                RTC_Update_ASR
 .text.get_current_time
                0x0000000000004ca4       0x54 C:\Users\Andrea\.platformio\packages\framework-arduinoasrmicro650x\cores\asr650x\projects\CubeCellLib.a(lorawan_port.o)
                0x0000000000004ca4                get_current_time
 .text.get_sys_time
                0x0000000000004cf8       0x28 C:\Users\Andrea\.platformio\packages\framework-arduinoasrmicro650x\cores\asr650x\projects\CubeCellLib.a(lorawan_port.o)
                0x0000000000004cf8                get_sys_time
 .text.set_sys_time
                0x0000000000004d20       0x44 C:\Users\Andrea\.platformio\packages\framework-arduinoasrmicro650x\cores\asr650x\projects\CubeCellLib.a(lorawan_port.o)
                0x0000000000004d20                set_sys_time
 .text.compute_elapsed_time
                0x0000000000004d64       0x10 C:\Users\Andrea\.platformio\packages\framework-arduinoasrmicro650x\cores\asr650x\projects\CubeCellLib.a(lorawan_port.o)
 .text.get_timer_elapsed_time
                0x0000000000004d74       0x14 C:\Users\Andrea\.platformio\packages\framework-arduinoasrmicro650x\cores\asr650x\projects\CubeCellLib.a(lorawan_port.o)
 .text.set_timer_context
                0x0000000000004d88       0x14 C:\Users\Andrea\.platformio\packages\framework-arduinoasrmicro650x\cores\asr650x\projects\CubeCellLib.a(lorawan_port.o)
 .text.enter_sleep_mode
                0x0000000000004d9c        0x8 C:\Users\Andrea\.platformio\packages\framework-arduinoasrmicro650x\cores\asr650x\projects\CubeCellLib.a(lorawan_port.o)
 .text.set_alarm
                0x0000000000004da4       0x20 C:\Users\Andrea\.platformio\packages\framework-arduinoasrmicro650x\cores\asr650x\projects\CubeCellLib.a(lorawan_port.o)
 .text.set_timeout
                0x0000000000004dc4       0x2e C:\Users\Andrea\.platformio\packages\framework-arduinoasrmicro650x\cores\asr650x\projects\CubeCellLib.a(lorawan_port.o)
 .text.AlarmBackHandler
                0x0000000000004df2        0x8 C:\Users\Andrea\.platformio\packages\framework-arduinoasrmicro650x\cores\asr650x\projects\CubeCellLib.a(lorawan_port.o)
 .text.stop_alarm
                0x0000000000004dfa        0x8 C:\Users\Andrea\.platformio\packages\framework-arduinoasrmicro650x\cores\asr650x\projects\CubeCellLib.a(lorawan_port.o)
 .text.delay_ms
                0x0000000000004e02        0x8 C:\Users\Andrea\.platformio\packages\framework-arduinoasrmicro650x\cores\asr650x\projects\CubeCellLib.a(lorawan_port.o)
 .text.get_mft_baud
                0x0000000000004e0a        0x8 C:\Users\Andrea\.platformio\packages\framework-arduinoasrmicro650x\cores\asr650x\projects\CubeCellLib.a(lorawan_port.o)
 .text.set_mft_baud
                0x0000000000004e12        0x8 C:\Users\Andrea\.platformio\packages\framework-arduinoasrmicro650x\cores\asr650x\projects\CubeCellLib.a(lorawan_port.o)
 .text.get_mft_sn
                0x0000000000004e1a        0x8 C:\Users\Andrea\.platformio\packages\framework-arduinoasrmicro650x\cores\asr650x\projects\CubeCellLib.a(lorawan_port.o)
 .text.get_mft_rev
                0x0000000000004e22        0x8 C:\Users\Andrea\.platformio\packages\framework-arduinoasrmicro650x\cores\asr650x\projects\CubeCellLib.a(lorawan_port.o)
 .text.get_mft_model
                0x0000000000004e2a        0x8 C:\Users\Andrea\.platformio\packages\framework-arduinoasrmicro650x\cores\asr650x\projects\CubeCellLib.a(lorawan_port.o)
 .text.get_mft_id
                0x0000000000004e32        0x8 C:\Users\Andrea\.platformio\packages\framework-arduinoasrmicro650x\cores\asr650x\projects\CubeCellLib.a(lorawan_port.o)
 .text.radio_rw_en
                0x0000000000004e3a        0x2 C:\Users\Andrea\.platformio\packages\framework-arduinoasrmicro650x\cores\asr650x\projects\CubeCellLib.a(lorawan_port.o)
 .text.exit_stop_mode
                0x0000000000004e3c        0x2 C:\Users\Andrea\.platformio\packages\framework-arduinoasrmicro650x\cores\asr650x\projects\CubeCellLib.a(lorawan_port.o)
 .text.set_uc_wakeup_time
                0x0000000000004e3e        0x2 C:\Users\Andrea\.platformio\packages\framework-arduinoasrmicro650x\cores\asr650x\projects\CubeCellLib.a(lorawan_port.o)
 .text.radio_reset
                0x0000000000004e40        0x2 C:\Users\Andrea\.platformio\packages\framework-arduinoasrmicro650x\cores\asr650x\projects\CubeCellLib.a(lorawan_port.o)
 .text.radio_reset_cfg_input
                0x0000000000004e42        0x2 C:\Users\Andrea\.platformio\packages\framework-arduinoasrmicro650x\cores\asr650x\projects\CubeCellLib.a(lorawan_port.o)
 .text.BackupGpioDriveMode
                0x0000000000004e44      0x114 C:\Users\Andrea\.platformio\packages\framework-arduinoasrmicro650x\cores\asr650x\projects\CubeCellLib.a(lorawan_port.o)
                0x0000000000004e44                BackupGpioDriveMode
 .text.RestoreGpioDriveMode
                0x0000000000004f58      0x118 C:\Users\Andrea\.platformio\packages\framework-arduinoasrmicro650x\cores\asr650x\projects\CubeCellLib.a(lorawan_port.o)
                0x0000000000004f58                RestoreGpioDriveMode
 .text.SetPinHIZ
                0x0000000000005070       0x2e C:\Users\Andrea\.platformio\packages\framework-arduinoasrmicro650x\cores\asr650x\projects\CubeCellLib.a(lorawan_port.o)
                0x0000000000005070                SetPinHIZ
 .text.UartDeepsleep
                0x000000000000509e       0x28 C:\Users\Andrea\.platformio\packages\framework-arduinoasrmicro650x\cores\asr650x\projects\CubeCellLib.a(lorawan_port.o)
                0x000000000000509e                UartDeepsleep
 *fill*         0x00000000000050c6        0x2 
 .text.enter_stop_mode
                0x00000000000050c8       0x3c C:\Users\Andrea\.platformio\packages\framework-arduinoasrmicro650x\cores\asr650x\projects\CubeCellLib.a(lorawan_port.o)
 .text.RtcInit  0x0000000000005104       0x3c C:\Users\Andrea\.platformio\packages\framework-arduinoasrmicro650x\cores\asr650x\projects\CubeCellLib.a(lorawan_port.o)
                0x0000000000005104                RtcInit
 .text.Asr_Timer_RegisterAlarmCallback
                0x0000000000005140       0x10 C:\Users\Andrea\.platformio\packages\framework-arduinoasrmicro650x\cores\asr650x\projects\CubeCellLib.a(asr_timer.o)
                0x0000000000005140                Asr_Timer_RegisterAlarmCallback
 .text.Asr_SetTimeout
                0x0000000000005150       0xc4 C:\Users\Andrea\.platformio\packages\framework-arduinoasrmicro650x\cores\asr650x\projects\CubeCellLib.a(asr_timer.o)
                0x0000000000005150                Asr_SetTimeout
 .text.Asr_Timer_Init
                0x0000000000005214       0x68 C:\Users\Andrea\.platformio\packages\framework-arduinoasrmicro650x\cores\asr650x\projects\CubeCellLib.a(asr_timer.o)
                0x0000000000005214                Asr_Timer_Init
 .text.Asr_Timer_Disable
                0x000000000000527c       0x18 C:\Users\Andrea\.platformio\packages\framework-arduinoasrmicro650x\cores\asr650x\projects\CubeCellLib.a(asr_timer.o)
                0x000000000000527c                Asr_Timer_Disable
 .text.Timer0IsrCallback
                0x0000000000005294       0x1c C:\Users\Andrea\.platformio\packages\framework-arduinoasrmicro650x\cores\asr650x\projects\CubeCellLib.a(asr_timer.o)
                0x0000000000005294                Timer0IsrCallback
 .text.Timer1IsrCallback
                0x00000000000052b0       0x28 C:\Users\Andrea\.platformio\packages\framework-arduinoasrmicro650x\cores\asr650x\projects\CubeCellLib.a(asr_timer.o)
                0x00000000000052b0                Timer1IsrCallback
 .text.systemTimer
                0x00000000000052d8       0x10 C:\Users\Andrea\.platformio\packages\framework-arduinoasrmicro650x\cores\asr650x\projects\CubeCellLib.a(cyfitter_cfg.o)
                0x00000000000052d8                systemTimer
 .text.SetAnalogRoutingPumps
                0x00000000000052e8       0x1c C:\Users\Andrea\.platformio\packages\framework-arduinoasrmicro650x\cores\asr650x\projects\CubeCellLib.a(cyfitter_cfg.o)
                0x00000000000052e8                SetAnalogRoutingPumps
 .text._ZN7TwoWire5writeEm
                0x0000000000005304        0xc .pio\build\cubecell_board\lib436\libVL53L0X.a(VL53L0X.cpp.o)
                0x0000000000005304                TwoWire::write(unsigned long)
 .text._ZN7TwoWire5writeEi
                0x0000000000005310        0xc .pio\build\cubecell_board\lib436\libVL53L0X.a(VL53L0X.cpp.o)
                0x0000000000005310                TwoWire::write(int)
 .text._ZN7VL53L0XC2Ev
                0x000000000000531c       0x14 .pio\build\cubecell_board\lib436\libVL53L0X.a(VL53L0X.cpp.o)
                0x000000000000531c                VL53L0X::VL53L0X()
                0x000000000000531c                VL53L0X::VL53L0X()
 .text._ZN7VL53L0X8writeRegEhh
                0x0000000000005330       0x2e .pio\build\cubecell_board\lib436\libVL53L0X.a(VL53L0X.cpp.o)
                0x0000000000005330                VL53L0X::writeReg(unsigned char, unsigned char)
 .text._ZN7VL53L0X10setAddressEh
                0x000000000000535e       0x14 .pio\build\cubecell_board\lib436\libVL53L0X.a(VL53L0X.cpp.o)
                0x000000000000535e                VL53L0X::setAddress(unsigned char)
 .text._ZN7VL53L0X13writeReg16BitEht
                0x0000000000005372       0x34 .pio\build\cubecell_board\lib436\libVL53L0X.a(VL53L0X.cpp.o)
                0x0000000000005372                VL53L0X::writeReg16Bit(unsigned char, unsigned short)
 .text._ZN7VL53L0X13writeReg32BitEhm
                0x00000000000053a6       0x4c .pio\build\cubecell_board\lib436\libVL53L0X.a(VL53L0X.cpp.o)
                0x00000000000053a6                VL53L0X::writeReg32Bit(unsigned char, unsigned long)
 .text._ZN7VL53L0X7readRegEh
                0x00000000000053f2       0x36 .pio\build\cubecell_board\lib436\libVL53L0X.a(VL53L0X.cpp.o)
                0x00000000000053f2                VL53L0X::readReg(unsigned char)
 .text._ZN7VL53L0X12readReg16BitEh
                0x0000000000005428       0x44 .pio\build\cubecell_board\lib436\libVL53L0X.a(VL53L0X.cpp.o)
                0x0000000000005428                VL53L0X::readReg16Bit(unsigned char)
 .text._ZN7VL53L0X10writeMultiEhPKhh
                0x000000000000546c       0x38 .pio\build\cubecell_board\lib436\libVL53L0X.a(VL53L0X.cpp.o)
                0x000000000000546c                VL53L0X::writeMulti(unsigned char, unsigned char const*, unsigned char)
 .text._ZN7VL53L0X9readMultiEhPhh
                0x00000000000054a4       0x44 .pio\build\cubecell_board\lib436\libVL53L0X.a(VL53L0X.cpp.o)
                0x00000000000054a4                VL53L0X::readMulti(unsigned char, unsigned char*, unsigned char)
 .text._ZN7VL53L0X18setSignalRateLimitEf
                0x00000000000054e8       0x50 .pio\build\cubecell_board\lib436\libVL53L0X.a(VL53L0X.cpp.o)
                0x00000000000054e8                VL53L0X::setSignalRateLimit(float)
 .text._ZN7VL53L0X19getVcselPulsePeriodENS_15vcselPeriodTypeE
                0x0000000000005538       0x20 .pio\build\cubecell_board\lib436\libVL53L0X.a(VL53L0X.cpp.o)
                0x0000000000005538                VL53L0X::getVcselPulsePeriod(VL53L0X::vcselPeriodType)
 .text._ZN7VL53L0X15startContinuousEm
                0x0000000000005558       0x78 .pio\build\cubecell_board\lib436\libVL53L0X.a(VL53L0X.cpp.o)
                0x0000000000005558                VL53L0X::startContinuous(unsigned long)
 .text._ZN7VL53L0X30readRangeContinuousMillimetersEv
                0x00000000000055d0       0x54 .pio\build\cubecell_board\lib436\libVL53L0X.a(VL53L0X.cpp.o)
                0x00000000000055d0                VL53L0X::readRangeContinuousMillimeters()
 .text._ZN7VL53L0X26readRangeSingleMillimetersEv
                0x0000000000005624       0x90 .pio\build\cubecell_board\lib436\libVL53L0X.a(VL53L0X.cpp.o)
                0x0000000000005624                VL53L0X::readRangeSingleMillimeters()
 .text._ZN7VL53L0X15timeoutOccurredEv
                0x00000000000056b4        0xa .pio\build\cubecell_board\lib436\libVL53L0X.a(VL53L0X.cpp.o)
                0x00000000000056b4                VL53L0X::timeoutOccurred()
 .text._ZN7VL53L0X11getSpadInfoEPhPb
                0x00000000000056be      0x114 .pio\build\cubecell_board\lib436\libVL53L0X.a(VL53L0X.cpp.o)
                0x00000000000056be                VL53L0X::getSpadInfo(unsigned char*, bool*)
 .text._ZN7VL53L0X22getSequenceStepEnablesEPNS_19SequenceStepEnablesE
                0x00000000000057d2       0x2c .pio\build\cubecell_board\lib436\libVL53L0X.a(VL53L0X.cpp.o)
                0x00000000000057d2                VL53L0X::getSequenceStepEnables(VL53L0X::SequenceStepEnables*)
 .text._ZN7VL53L0X13decodeTimeoutEt
                0x00000000000057fe        0xe .pio\build\cubecell_board\lib436\libVL53L0X.a(VL53L0X.cpp.o)
                0x00000000000057fe                VL53L0X::decodeTimeout(unsigned short)
 .text._ZN7VL53L0X13encodeTimeoutEm
                0x000000000000580c       0x22 .pio\build\cubecell_board\lib436\libVL53L0X.a(VL53L0X.cpp.o)
                0x000000000000580c                VL53L0X::encodeTimeout(unsigned long)
 *fill*         0x000000000000582e        0x2 
 .text._ZN7VL53L0X26timeoutMclksToMicrosecondsEth
                0x0000000000005830       0x28 .pio\build\cubecell_board\lib436\libVL53L0X.a(VL53L0X.cpp.o)
                0x0000000000005830                VL53L0X::timeoutMclksToMicroseconds(unsigned short, unsigned char)
 .text._ZN7VL53L0X23getSequenceStepTimeoutsEPKNS_19SequenceStepEnablesEPNS_20SequenceStepTimeoutsE
                0x0000000000005858       0x72 .pio\build\cubecell_board\lib436\libVL53L0X.a(VL53L0X.cpp.o)
                0x0000000000005858                VL53L0X::getSequenceStepTimeouts(VL53L0X::SequenceStepEnables const*, VL53L0X::SequenceStepTimeouts*)
 *fill*         0x00000000000058ca        0x2 
 .text._ZN7VL53L0X26getMeasurementTimingBudgetEv
                0x00000000000058cc       0x98 .pio\build\cubecell_board\lib436\libVL53L0X.a(VL53L0X.cpp.o)
                0x00000000000058cc                VL53L0X::getMeasurementTimingBudget()
 .text._ZN7VL53L0X26timeoutMicrosecondsToMclksEmh
                0x0000000000005964       0x34 .pio\build\cubecell_board\lib436\libVL53L0X.a(VL53L0X.cpp.o)
                0x0000000000005964                VL53L0X::timeoutMicrosecondsToMclks(unsigned long, unsigned char)
 .text._ZN7VL53L0X26setMeasurementTimingBudgetEm
                0x0000000000005998       0xd0 .pio\build\cubecell_board\lib436\libVL53L0X.a(VL53L0X.cpp.o)
                0x0000000000005998                VL53L0X::setMeasurementTimingBudget(unsigned long)
 .text._ZN7VL53L0X27performSingleRefCalibrationEh
                0x0000000000005a68       0x58 .pio\build\cubecell_board\lib436\libVL53L0X.a(VL53L0X.cpp.o)
                0x0000000000005a68                VL53L0X::performSingleRefCalibration(unsigned char)
 .text._ZN7VL53L0X4initEb
                0x0000000000005ac0      0x504 .pio\build\cubecell_board\lib436\libVL53L0X.a(VL53L0X.cpp.o)
                0x0000000000005ac0                VL53L0X::init(bool)
 .text._ZN7VL53L0X19setVcselPulsePeriodENS_15vcselPeriodTypeEh
                0x0000000000005fc4      0x1ea .pio\build\cubecell_board\lib436\libVL53L0X.a(VL53L0X.cpp.o)
                0x0000000000005fc4                VL53L0X::setVcselPulsePeriod(VL53L0X::vcselPeriodType, unsigned char)
 *fill*         0x00000000000061ae        0x2 
 .text._ZL11McpsConfirmP12sMcpsConfirm
                0x00000000000061b0        0xc .pio\build\cubecell_board\libdc0\libLoRa.a(LoRaWan_APP.cpp.o)
 .text._ZL24OnTxNextPacketTimerEventv
                0x00000000000061bc       0x68 .pio\build\cubecell_board\libdc0\libLoRa.a(LoRaWan_APP.cpp.o)
 .text._ZL14MlmeIndicationP15sMlmeIndication
                0x0000000000006224        0xe .pio\build\cubecell_board\libdc0\libLoRa.a(LoRaWan_APP.cpp.o)
 *fill*         0x0000000000006232        0x2 
 .text.turnOnRGB
                0x0000000000006234       0x50 .pio\build\cubecell_board\libdc0\libLoRa.a(LoRaWan_APP.cpp.o)
                0x0000000000006234                turnOnRGB
 .text.turnOffRGB
                0x0000000000006284       0x14 .pio\build\cubecell_board\libdc0\libLoRa.a(LoRaWan_APP.cpp.o)
                0x0000000000006284                turnOffRGB
 .text._ZL11MlmeConfirmP12sMlmeConfirm
                0x0000000000006298       0x68 .pio\build\cubecell_board\libdc0\libLoRa.a(LoRaWan_APP.cpp.o)
 .text.getBatteryVoltage
                0x0000000000006300       0x28 .pio\build\cubecell_board\libdc0\libLoRa.a(LoRaWan_APP.cpp.o)
                0x0000000000006300                getBatteryVoltage
 .text.BoardGetBatteryLevel
                0x0000000000006328       0x7c .pio\build\cubecell_board\libdc0\libLoRa.a(LoRaWan_APP.cpp.o)
                0x0000000000006328                BoardGetBatteryLevel
 .text.downLinkDataHandle
                0x00000000000063a4       0x58 .pio\build\cubecell_board\libdc0\libLoRa.a(LoRaWan_APP.cpp.o)
                0x00000000000063a4                downLinkDataHandle
 .text._ZL14McpsIndicationP15sMcpsIndication
                0x00000000000063fc       0x44 .pio\build\cubecell_board\libdc0\libLoRa.a(LoRaWan_APP.cpp.o)
 .text.lwan_dev_params_update
                0x0000000000006440       0xa0 .pio\build\cubecell_board\libdc0\libLoRa.a(LoRaWan_APP.cpp.o)
                0x0000000000006440                lwan_dev_params_update
 .text.SendFrame
                0x00000000000064e0       0x8c .pio\build\cubecell_board\libdc0\libLoRa.a(LoRaWan_APP.cpp.o)
                0x00000000000064e0                SendFrame
 .text._ZN12LoRaWanClass4initE12eDeviceClass16eLoRaMacRegion_t
                0x000000000000656c      0x114 .pio\build\cubecell_board\libdc0\libLoRa.a(LoRaWan_APP.cpp.o)
                0x000000000000656c                LoRaWanClass::init(eDeviceClass, eLoRaMacRegion_t)
 .text._ZN12LoRaWanClass4joinEv
                0x0000000000006680       0xb0 .pio\build\cubecell_board\libdc0\libLoRa.a(LoRaWan_APP.cpp.o)
                0x0000000000006680                LoRaWanClass::join()
 .text._ZN12LoRaWanClass4sendEv
                0x0000000000006730       0x3c .pio\build\cubecell_board\libdc0\libLoRa.a(LoRaWan_APP.cpp.o)
                0x0000000000006730                LoRaWanClass::send()
 .text._ZN12LoRaWanClass5cycleEm
                0x000000000000676c       0x18 .pio\build\cubecell_board\libdc0\libLoRa.a(LoRaWan_APP.cpp.o)
                0x000000000000676c                LoRaWanClass::cycle(unsigned long)
 .text._ZN12LoRaWanClass10ifskipjoinEv
                0x0000000000006784      0x108 .pio\build\cubecell_board\libdc0\libLoRa.a(LoRaWan_APP.cpp.o)
                0x0000000000006784                LoRaWanClass::ifskipjoin()
 .text.startup._GLOBAL__sub_I_pixels
                0x000000000000688c       0x2c .pio\build\cubecell_board\libdc0\libLoRa.a(LoRaWan_APP.cpp.o)
 .text._ZN6Stream9readBytesEPhj
                0x00000000000068b8        0xa .pio\build\cubecell_board\libFrameworkArduino.a(HardwareSerial.cpp.o)
                0x00000000000068b8                Stream::readBytes(unsigned char*, unsigned int)
 .text._ZN14HardwareSerial17availableForWriteEv
                0x00000000000068c2        0x4 .pio\build\cubecell_board\libFrameworkArduino.a(HardwareSerial.cpp.o)
                0x00000000000068c2                HardwareSerial::availableForWrite()
                0x00000000000068c2                HardwareSerial::peek()
 .text._ZN14HardwareSerialD2Ev
                0x00000000000068c6        0x2 .pio\build\cubecell_board\libFrameworkArduino.a(HardwareSerial.cpp.o)
                0x00000000000068c6                HardwareSerial::~HardwareSerial()
                0x00000000000068c6                HardwareSerial::~HardwareSerial()
 .text._ZN14HardwareSerial9availableEv
                0x00000000000068c8       0x16 .pio\build\cubecell_board\libFrameworkArduino.a(HardwareSerial.cpp.o)
                0x00000000000068c8                HardwareSerial::available()
 .text._ZN14HardwareSerial4readEv
                0x00000000000068de       0x26 .pio\build\cubecell_board\libFrameworkArduino.a(HardwareSerial.cpp.o)
                0x00000000000068de                HardwareSerial::read()
 .text._ZN14HardwareSerial5flushEv
                0x0000000000006904       0x1c .pio\build\cubecell_board\libFrameworkArduino.a(HardwareSerial.cpp.o)
                0x0000000000006904                HardwareSerial::flush()
 .text._ZN14HardwareSerial5writeEh
                0x0000000000006920       0x1a .pio\build\cubecell_board\libFrameworkArduino.a(HardwareSerial.cpp.o)
                0x0000000000006920                HardwareSerial::write(unsigned char)
 .text._ZN14HardwareSerial5writeEPKhj
                0x000000000000693a       0x28 .pio\build\cubecell_board\libFrameworkArduino.a(HardwareSerial.cpp.o)
                0x000000000000693a                HardwareSerial::write(unsigned char const*, unsigned int)
 .text._ZN14HardwareSerialD0Ev
                0x0000000000006962        0xe .pio\build\cubecell_board\libFrameworkArduino.a(HardwareSerial.cpp.o)
                0x0000000000006962                HardwareSerial::~HardwareSerial()
 .text._ZN14HardwareSerial5beginEmambm
                0x0000000000006970       0xb0 .pio\build\cubecell_board\libFrameworkArduino.a(HardwareSerial.cpp.o)
                0x0000000000006970                HardwareSerial::begin(unsigned long, signed char, unsigned long, bool, unsigned long)
 .text.startup._GLOBAL__sub_I_Serial
                0x0000000000006a20       0x5c .pio\build\cubecell_board\libFrameworkArduino.a(HardwareSerial.cpp.o)
 .text._ZN7TwoWireD2Ev
                0x0000000000006a7c        0x2 .pio\build\cubecell_board\libFrameworkArduino.a(Wire.cpp.o)
                0x0000000000006a7c                TwoWire::~TwoWire()
                0x0000000000006a7c                TwoWire::~TwoWire()
 .text._ZN7TwoWire5writeEPKhj
                0x0000000000006a7e       0x24 .pio\build\cubecell_board\libFrameworkArduino.a(Wire.cpp.o)
                0x0000000000006a7e                TwoWire::write(unsigned char const*, unsigned int)
 .text._ZN7TwoWire9availableEv
                0x0000000000006aa2        0xe .pio\build\cubecell_board\libFrameworkArduino.a(Wire.cpp.o)
                0x0000000000006aa2                TwoWire::available()
 .text._ZN7TwoWire4readEv
                0x0000000000006ab0       0x20 .pio\build\cubecell_board\libFrameworkArduino.a(Wire.cpp.o)
                0x0000000000006ab0                TwoWire::read()
 .text._ZN7TwoWire4peekEv
                0x0000000000006ad0       0x1c .pio\build\cubecell_board\libFrameworkArduino.a(Wire.cpp.o)
                0x0000000000006ad0                TwoWire::peek()
 .text._ZN7TwoWireD0Ev
                0x0000000000006aec       0x10 .pio\build\cubecell_board\libFrameworkArduino.a(Wire.cpp.o)
                0x0000000000006aec                TwoWire::~TwoWire()
 .text._ZN7TwoWire5writeEh
                0x0000000000006afc       0x40 .pio\build\cubecell_board\libFrameworkArduino.a(Wire.cpp.o)
                0x0000000000006afc                TwoWire::write(unsigned char)
 .text._ZN7TwoWire5flushEv
                0x0000000000006b3c       0x78 .pio\build\cubecell_board\libFrameworkArduino.a(Wire.cpp.o)
                0x0000000000006b3c                TwoWire::flush()
 .text._ZN7TwoWireC2Ea
                0x0000000000006bb4       0x3c .pio\build\cubecell_board\libFrameworkArduino.a(Wire.cpp.o)
                0x0000000000006bb4                TwoWire::TwoWire(signed char)
                0x0000000000006bb4                TwoWire::TwoWire(signed char)
 .text._ZN7TwoWire5beginEma
                0x0000000000006bf0       0x6c .pio\build\cubecell_board\libFrameworkArduino.a(Wire.cpp.o)
                0x0000000000006bf0                TwoWire::begin(unsigned long, signed char)
 .text._ZN7TwoWire17writeTransmissionEtPhtb
                0x0000000000006c5c       0x88 .pio\build\cubecell_board\libFrameworkArduino.a(Wire.cpp.o)
                0x0000000000006c5c                TwoWire::writeTransmission(unsigned short, unsigned char*, unsigned short, bool)
 .text._ZN7TwoWire16readTransmissionEtPhtbPm
                0x0000000000006ce4       0xa0 .pio\build\cubecell_board\libFrameworkArduino.a(Wire.cpp.o)
                0x0000000000006ce4                TwoWire::readTransmission(unsigned short, unsigned char*, unsigned short, bool, unsigned long*)
 .text._ZN7TwoWire15endTransmissionEb
                0x0000000000006d84       0x68 .pio\build\cubecell_board\libFrameworkArduino.a(Wire.cpp.o)
                0x0000000000006d84                TwoWire::endTransmission(bool)
 .text._ZN7TwoWire11requestFromEthb
                0x0000000000006dec       0x74 .pio\build\cubecell_board\libFrameworkArduino.a(Wire.cpp.o)
                0x0000000000006dec                TwoWire::requestFrom(unsigned short, unsigned char, bool)
 .text._ZN7TwoWire11requestFromEhh
                0x0000000000006e60        0xa .pio\build\cubecell_board\libFrameworkArduino.a(Wire.cpp.o)
                0x0000000000006e60                TwoWire::requestFrom(unsigned char, unsigned char)
 .text._ZN7TwoWire17beginTransmissionEh
                0x0000000000006e6a       0x12 .pio\build\cubecell_board\libFrameworkArduino.a(Wire.cpp.o)
                0x0000000000006e6a                TwoWire::beginTransmission(unsigned char)
 .text._ZN7TwoWire15endTransmissionEv
                0x0000000000006e7c        0xa .pio\build\cubecell_board\libFrameworkArduino.a(Wire.cpp.o)
                0x0000000000006e7c                TwoWire::endTransmission()
 *fill*         0x0000000000006e86        0x2 
 .text.startup._GLOBAL__sub_I__ZN7TwoWireC2Ea
                0x0000000000006e88       0x40 .pio\build\cubecell_board\libFrameworkArduino.a(Wire.cpp.o)
 .text.SX126xIoInit
                0x0000000000006ec8       0x44 .pio\build\cubecell_board\libFrameworkArduino.a(asr_board.c.o)
                0x0000000000006ec8                SX126xIoInit
 .text.SX126xIoIrqInit
                0x0000000000006f0c       0x14 .pio\build\cubecell_board\libFrameworkArduino.a(asr_board.c.o)
                0x0000000000006f0c                SX126xIoIrqInit
 .text.SX126xGetBoardTcxoWakeupTime
                0x0000000000006f20        0x4 .pio\build\cubecell_board\libFrameworkArduino.a(asr_board.c.o)
                0x0000000000006f20                SX126xGetBoardTcxoWakeupTime
 .text.SX126xReset
                0x0000000000006f24       0x50 .pio\build\cubecell_board\libFrameworkArduino.a(asr_board.c.o)
                0x0000000000006f24                SX126xReset
 .text.SX126xWaitOnBusy
                0x0000000000006f74       0x14 .pio\build\cubecell_board\libFrameworkArduino.a(asr_board.c.o)
                0x0000000000006f74                SX126xWaitOnBusy
 .text.SX126xWakeup
                0x0000000000006f88       0x38 .pio\build\cubecell_board\libFrameworkArduino.a(asr_board.c.o)
                0x0000000000006f88                SX126xWakeup
 .text.SX126xWriteCommand
                0x0000000000006fc0       0x50 .pio\build\cubecell_board\libFrameworkArduino.a(asr_board.c.o)
                0x0000000000006fc0                SX126xWriteCommand
 .text.SX126xReadCommand
                0x0000000000007010       0x54 .pio\build\cubecell_board\libFrameworkArduino.a(asr_board.c.o)
                0x0000000000007010                SX126xReadCommand
 .text.SX126xWriteRegisters
                0x0000000000007064       0x5c .pio\build\cubecell_board\libFrameworkArduino.a(asr_board.c.o)
                0x0000000000007064                SX126xWriteRegisters
 .text.SX126xWriteRegister
                0x00000000000070c0       0x12 .pio\build\cubecell_board\libFrameworkArduino.a(asr_board.c.o)
                0x00000000000070c0                SX126xWriteRegister
 *fill*         0x00000000000070d2        0x2 
 .text.SX126xReadRegisters
                0x00000000000070d4       0x64 .pio\build\cubecell_board\libFrameworkArduino.a(asr_board.c.o)
                0x00000000000070d4                SX126xReadRegisters
 .text.SX126xReadRegister
                0x0000000000007138       0x12 .pio\build\cubecell_board\libFrameworkArduino.a(asr_board.c.o)
                0x0000000000007138                SX126xReadRegister
 *fill*         0x000000000000714a        0x2 
 .text.SX126xWriteBuffer
                0x000000000000714c       0x54 .pio\build\cubecell_board\libFrameworkArduino.a(asr_board.c.o)
                0x000000000000714c                SX126xWriteBuffer
 .text.SX126xReadBuffer
                0x00000000000071a0       0x5c .pio\build\cubecell_board\libFrameworkArduino.a(asr_board.c.o)
                0x00000000000071a0                SX126xReadBuffer
 .text.SX126xSetRfTxPower
                0x00000000000071fc        0xa .pio\build\cubecell_board\libFrameworkArduino.a(asr_board.c.o)
                0x00000000000071fc                SX126xSetRfTxPower
 .text.SX126xGetPaSelect
                0x0000000000007206        0x4 .pio\build\cubecell_board\libFrameworkArduino.a(asr_board.c.o)
                0x0000000000007206                SX126xGetPaSelect
 .text.SX126xAntSwOn
                0x000000000000720a        0x2 .pio\build\cubecell_board\libFrameworkArduino.a(asr_board.c.o)
                0x000000000000720a                SX126xAntSwOn
 .text.SX126xAntSwOff
                0x000000000000720c        0x2 .pio\build\cubecell_board\libFrameworkArduino.a(asr_board.c.o)
                0x000000000000720c                SX126xAntSwOff
 .text.BoardDisableIrq
                0x000000000000720e        0x4 .pio\build\cubecell_board\libFrameworkArduino.a(asr_board.c.o)
                0x000000000000720e                BoardDisableIrq
 .text.BoardEnableIrq
                0x0000000000007212        0x4 .pio\build\cubecell_board\libFrameworkArduino.a(asr_board.c.o)
                0x0000000000007212                BoardEnableIrq
 *fill*         0x0000000000007216        0x2 
 .text.boardInitMcu
                0x0000000000007218       0x54 .pio\build\cubecell_board\libFrameworkArduino.a(asr_board.c.o)
                0x0000000000007218                boardInitMcu
 .text.HW_Get_MFT_ID
                0x000000000000726c        0x8 .pio\build\cubecell_board\libFrameworkArduino.a(asr_board.c.o)
                0x000000000000726c                HW_Get_MFT_ID
 .text.HW_Get_MFT_Model
                0x0000000000007274        0x8 .pio\build\cubecell_board\libFrameworkArduino.a(asr_board.c.o)
                0x0000000000007274                HW_Get_MFT_Model
 .text.HW_Get_MFT_Rev
                0x000000000000727c        0x8 .pio\build\cubecell_board\libFrameworkArduino.a(asr_board.c.o)
                0x000000000000727c                HW_Get_MFT_Rev
 .text.HW_Get_MFT_SN
                0x0000000000007284       0x24 .pio\build\cubecell_board\libFrameworkArduino.a(asr_board.c.o)
                0x0000000000007284                HW_Get_MFT_SN
 .text.HW_Set_MFT_Baud
                0x00000000000072a8       0x64 .pio\build\cubecell_board\libFrameworkArduino.a(asr_board.c.o)
                0x00000000000072a8                HW_Set_MFT_Baud
 .text.HW_Get_MFT_Baud
                0x000000000000730c        0xc .pio\build\cubecell_board\libFrameworkArduino.a(asr_board.c.o)
                0x000000000000730c                HW_Get_MFT_Baud
 .text.GpioInit
                0x0000000000007318       0x12 .pio\build\cubecell_board\libFrameworkArduino.a(gpio.c.o)
                0x0000000000007318                GpioInit
 .text.GpioSetInterrupt
                0x000000000000732a        0x8 .pio\build\cubecell_board\libFrameworkArduino.a(gpio.c.o)
                0x000000000000732a                GpioSetInterrupt
 .text.GpioWrite
                0x0000000000007332        0x8 .pio\build\cubecell_board\libFrameworkArduino.a(gpio.c.o)
                0x0000000000007332                GpioWrite
 .text.GpioRead
                0x000000000000733a        0x8 .pio\build\cubecell_board\libFrameworkArduino.a(gpio.c.o)
                0x000000000000733a                GpioRead
 .text.SpiInit  0x0000000000007342        0x8 .pio\build\cubecell_board\libFrameworkArduino.a(spi-board.c.o)
                0x0000000000007342                SpiInit
 *fill*         0x000000000000734a        0x2 
 .text.SpiInOut
                0x000000000000734c       0x34 .pio\build\cubecell_board\libFrameworkArduino.a(spi-board.c.o)
                0x000000000000734c                SpiInOut
 .text.ADC_SAR_Seq_Init
                0x0000000000007380       0xd8 .pio\build\cubecell_board\libFrameworkArduino.a(ADC_SAR_Seq.c.o)
                0x0000000000007380                ADC_SAR_Seq_Init
 .text.ADC_SAR_Seq_Enable
                0x0000000000007458       0x2c .pio\build\cubecell_board\libFrameworkArduino.a(ADC_SAR_Seq.c.o)
                0x0000000000007458                ADC_SAR_Seq_Enable
 .text.ADC_SAR_Seq_Start
                0x0000000000007484       0x1c .pio\build\cubecell_board\libFrameworkArduino.a(ADC_SAR_Seq.c.o)
                0x0000000000007484                ADC_SAR_Seq_Start
 .text.ADC_SAR_Seq_Stop
                0x00000000000074a0       0x10 .pio\build\cubecell_board\libFrameworkArduino.a(ADC_SAR_Seq.c.o)
                0x00000000000074a0                ADC_SAR_Seq_Stop
 .text.ADC_SAR_Seq_StartConvert
                0x00000000000074b0        0xc .pio\build\cubecell_board\libFrameworkArduino.a(ADC_SAR_Seq.c.o)
                0x00000000000074b0                ADC_SAR_Seq_StartConvert
 .text.ADC_SAR_Seq_StopConvert
                0x00000000000074bc        0x2 .pio\build\cubecell_board\libFrameworkArduino.a(ADC_SAR_Seq.c.o)
                0x00000000000074bc                ADC_SAR_Seq_StopConvert
 *fill*         0x00000000000074be        0x2 
 .text.ADC_SAR_Seq_IsEndConversion
                0x00000000000074c0       0x2c .pio\build\cubecell_board\libFrameworkArduino.a(ADC_SAR_Seq.c.o)
                0x00000000000074c0                ADC_SAR_Seq_IsEndConversion
 .text.ADC_SAR_Seq_GetResult16
                0x00000000000074ec       0x20 .pio\build\cubecell_board\libFrameworkArduino.a(ADC_SAR_Seq.c.o)
                0x00000000000074ec                ADC_SAR_Seq_GetResult16
 .text.ADC_SAR_Seq_CountsTo_mVolts
                0x000000000000750c       0x50 .pio\build\cubecell_board\libFrameworkArduino.a(ADC_SAR_Seq.c.o)
                0x000000000000750c                ADC_SAR_Seq_CountsTo_mVolts
 .text.ADC_SAR_Seq_ISR
                0x000000000000755c        0xc .pio\build\cubecell_board\libFrameworkArduino.a(ADC_SAR_Seq_INT.c.o)
                0x000000000000755c                ADC_SAR_Seq_ISR
 .text.I2C_1_I2CMasterHandleStatus
                0x0000000000007568       0x94 .pio\build\cubecell_board\libFrameworkArduino.a(I2C_1_I2C_MASTER.c.o)
 .text.I2C_1_I2CMasterWaitOneUnit
                0x00000000000075fc       0x24 .pio\build\cubecell_board\libFrameworkArduino.a(I2C_1_I2C_MASTER.c.o)
 .text.I2C_1_I2CMasterSendStart
                0x0000000000007620       0xbc .pio\build\cubecell_board\libFrameworkArduino.a(I2C_1_I2C_MASTER.c.o)
                0x0000000000007620                I2C_1_I2CMasterSendStart
 .text.I2C_1_I2CMasterSendStop
                0x00000000000076dc       0x54 .pio\build\cubecell_board\libFrameworkArduino.a(I2C_1_I2C_MASTER.c.o)
                0x00000000000076dc                I2C_1_I2CMasterSendStop
 .text.I2C_1_I2CMasterWriteByte
                0x0000000000007730       0x44 .pio\build\cubecell_board\libFrameworkArduino.a(I2C_1_I2C_MASTER.c.o)
                0x0000000000007730                I2C_1_I2CMasterWriteByte
 .text.I2C_1_I2CMasterReadByte
                0x0000000000007774       0x78 .pio\build\cubecell_board\libFrameworkArduino.a(I2C_1_I2C_MASTER.c.o)
                0x0000000000007774                I2C_1_I2CMasterReadByte
 .text.I2C_1_I2CMasterClearReadBuf
                0x00000000000077ec       0x24 .pio\build\cubecell_board\libFrameworkArduino.a(I2C_1_I2C_MASTER.c.o)
                0x00000000000077ec                I2C_1_I2CMasterClearReadBuf
 .text.I2C_1_I2CMasterClearWriteBuf
                0x0000000000007810       0x24 .pio\build\cubecell_board\libFrameworkArduino.a(I2C_1_I2C_MASTER.c.o)
                0x0000000000007810                I2C_1_I2CMasterClearWriteBuf
 .text.I2C_1_I2CMasterClearStatus
                0x0000000000007834       0x20 .pio\build\cubecell_board\libFrameworkArduino.a(I2C_1_I2C_MASTER.c.o)
                0x0000000000007834                I2C_1_I2CMasterClearStatus
 .text.I2C_I2CMasterHandleStatus
                0x0000000000007854       0x94 .pio\build\cubecell_board\libFrameworkArduino.a(I2C_I2C_MASTER.c.o)
 .text.I2C_I2CMasterWaitOneUnit
                0x00000000000078e8       0x24 .pio\build\cubecell_board\libFrameworkArduino.a(I2C_I2C_MASTER.c.o)
 .text.I2C_I2CMasterSendStart
                0x000000000000790c       0xbc .pio\build\cubecell_board\libFrameworkArduino.a(I2C_I2C_MASTER.c.o)
                0x000000000000790c                I2C_I2CMasterSendStart
 .text.I2C_I2CMasterSendStop
                0x00000000000079c8       0x54 .pio\build\cubecell_board\libFrameworkArduino.a(I2C_I2C_MASTER.c.o)
                0x00000000000079c8                I2C_I2CMasterSendStop
 .text.I2C_I2CMasterWriteByte
                0x0000000000007a1c       0x44 .pio\build\cubecell_board\libFrameworkArduino.a(I2C_I2C_MASTER.c.o)
                0x0000000000007a1c                I2C_I2CMasterWriteByte
 .text.I2C_I2CMasterReadByte
                0x0000000000007a60       0x78 .pio\build\cubecell_board\libFrameworkArduino.a(I2C_I2C_MASTER.c.o)
                0x0000000000007a60                I2C_I2CMasterReadByte
 .text.I2C_I2CMasterClearReadBuf
                0x0000000000007ad8       0x24 .pio\build\cubecell_board\libFrameworkArduino.a(I2C_I2C_MASTER.c.o)
                0x0000000000007ad8                I2C_I2CMasterClearReadBuf
 .text.I2C_I2CMasterClearWriteBuf
                0x0000000000007afc       0x24 .pio\build\cubecell_board\libFrameworkArduino.a(I2C_I2C_MASTER.c.o)
                0x0000000000007afc                I2C_I2CMasterClearWriteBuf
 .text.I2C_I2CMasterClearStatus
                0x0000000000007b20       0x20 .pio\build\cubecell_board\libFrameworkArduino.a(I2C_I2C_MASTER.c.o)
                0x0000000000007b20                I2C_I2CMasterClearStatus
 .text.PWM1_Stop
                0x0000000000007b40       0x34 .pio\build\cubecell_board\libFrameworkArduino.a(PWM1.c.o)
                0x0000000000007b40                PWM1_Stop
 .text.PWM2_Stop
                0x0000000000007b74       0x34 .pio\build\cubecell_board\libFrameworkArduino.a(PWM2.c.o)
                0x0000000000007b74                PWM2_Stop
 .text._ZN5Print5writeEPKc
                0x0000000000007ba8       0x1c .pio\build\cubecell_board\libFrameworkArduino.a(Print.cpp.o)
                0x0000000000007ba8                Print::write(char const*)
 .text._ZN5Print6printfEPKcz
                0x0000000000007bc4       0x5a .pio\build\cubecell_board\libFrameworkArduino.a(Print.cpp.o)
                0x0000000000007bc4                Print::printf(char const*, ...)
 .text._ZN5Print5printEPKc
                0x0000000000007c1e        0x8 .pio\build\cubecell_board\libFrameworkArduino.a(Print.cpp.o)
                0x0000000000007c1e                Print::print(char const*)
 .text._ZN5Print5printEc
                0x0000000000007c26        0xa .pio\build\cubecell_board\libFrameworkArduino.a(Print.cpp.o)
                0x0000000000007c26                Print::print(char)
 .text._ZN5Print7printlnEv
                0x0000000000007c30       0x10 .pio\build\cubecell_board\libFrameworkArduino.a(Print.cpp.o)
                0x0000000000007c30                Print::println()
 .text._ZN5Print7printlnEPKc
                0x0000000000007c40       0x14 .pio\build\cubecell_board\libFrameworkArduino.a(Print.cpp.o)
                0x0000000000007c40                Print::println(char const*)
 .text._ZN5Print11printNumberEmh
                0x0000000000007c54       0x4e .pio\build\cubecell_board\libFrameworkArduino.a(Print.cpp.o)
                0x0000000000007c54                Print::printNumber(unsigned long, unsigned char)
 .text._ZN5Print5printEli
                0x0000000000007ca2       0x3e .pio\build\cubecell_board\libFrameworkArduino.a(Print.cpp.o)
                0x0000000000007ca2                Print::print(long, int)
 .text._ZN5Print7printlnEii
                0x0000000000007ce0       0x14 .pio\build\cubecell_board\libFrameworkArduino.a(Print.cpp.o)
                0x0000000000007ce0                Print::println(int, int)
 .text._ZN6Stream9timedReadEv
                0x0000000000007cf4       0x2a .pio\build\cubecell_board\libFrameworkArduino.a(Stream.cpp.o)
                0x0000000000007cf4                Stream::timedRead()
 .text._ZN6Stream9readBytesEPcj
                0x0000000000007d1e       0x22 .pio\build\cubecell_board\libFrameworkArduino.a(Stream.cpp.o)
                0x0000000000007d1e                Stream::readBytes(char*, unsigned int)
 .text._ZN6Stream10readStringEv
                0x0000000000007d40       0x28 .pio\build\cubecell_board\libFrameworkArduino.a(Stream.cpp.o)
                0x0000000000007d40                Stream::readString()
 .text._ZN6String10invalidateEv
                0x0000000000007d68       0x18 .pio\build\cubecell_board\libFrameworkArduino.a(WString.cpp.o)
                0x0000000000007d68                String::invalidate()
 .text._ZN6String12changeBufferEj
                0x0000000000007d80       0x3a .pio\build\cubecell_board\libFrameworkArduino.a(WString.cpp.o)
                0x0000000000007d80                String::changeBuffer(unsigned int)
 .text._ZN6String7reserveEj
                0x0000000000007dba       0x2a .pio\build\cubecell_board\libFrameworkArduino.a(WString.cpp.o)
                0x0000000000007dba                String::reserve(unsigned int)
 .text._ZN6String4copyEPKcj
                0x0000000000007de4       0x28 .pio\build\cubecell_board\libFrameworkArduino.a(WString.cpp.o)
                0x0000000000007de4                String::copy(char const*, unsigned int)
 .text._ZN6StringC2EPKc
                0x0000000000007e0c       0x26 .pio\build\cubecell_board\libFrameworkArduino.a(WString.cpp.o)
                0x0000000000007e0c                String::String(char const*)
                0x0000000000007e0c                String::String(char const*)
 .text._ZN6String6concatEPKcj
                0x0000000000007e32       0x32 .pio\build\cubecell_board\libFrameworkArduino.a(WString.cpp.o)
                0x0000000000007e32                String::concat(char const*, unsigned int)
 .text._ZN6String6concatEc
                0x0000000000007e64       0x16 .pio\build\cubecell_board\libFrameworkArduino.a(WString.cpp.o)
                0x0000000000007e64                String::concat(char)
 *fill*         0x0000000000007e7a        0x2 
 .text.global_irq_SetPriority
                0x0000000000007e7c       0x20 .pio\build\cubecell_board\libFrameworkArduino.a(irq.c.o)
                0x0000000000007e7c                global_irq_SetPriority
 .text.global_irq_StartEx
                0x0000000000007e9c       0x24 .pio\build\cubecell_board\libFrameworkArduino.a(irq.c.o)
                0x0000000000007e9c                global_irq_StartEx
 .text.global_irq_Disable
                0x0000000000007ec0        0xc .pio\build\cubecell_board\libFrameworkArduino.a(irq.c.o)
                0x0000000000007ec0                global_irq_Disable
 .text.RadioCheckRfFrequency
                0x0000000000007ecc        0x4 .pio\build\cubecell_board\libFrameworkArduino.a(radio.c.o)
                0x0000000000007ecc                RadioCheckRfFrequency
 .text.RadioOnDioIrq
                0x0000000000007ed0        0xc .pio\build\cubecell_board\libFrameworkArduino.a(radio.c.o)
                0x0000000000007ed0                RadioOnDioIrq
 .text.RadioStandby
                0x0000000000007edc        0xa .pio\build\cubecell_board\libFrameworkArduino.a(radio.c.o)
                0x0000000000007edc                RadioStandby
 *fill*         0x0000000000007ee6        0x2 
 .text.RadioInit
                0x0000000000007ee8       0x6c .pio\build\cubecell_board\libFrameworkArduino.a(radio.c.o)
                0x0000000000007ee8                RadioInit
 .text.RadioGetStatus
                0x0000000000007f54       0x1a .pio\build\cubecell_board\libFrameworkArduino.a(radio.c.o)
                0x0000000000007f54                RadioGetStatus
 .text.RadioSetChannel
                0x0000000000007f6e        0x8 .pio\build\cubecell_board\libFrameworkArduino.a(radio.c.o)
                0x0000000000007f6e                RadioSetChannel
 .text.RadioRssi
                0x0000000000007f76        0xa .pio\build\cubecell_board\libFrameworkArduino.a(radio.c.o)
                0x0000000000007f76                RadioRssi
 .text.RadioSyncWord
                0x0000000000007f80       0x10 .pio\build\cubecell_board\libFrameworkArduino.a(radio.c.o)
                0x0000000000007f80                RadioSyncWord
 .text.RadioSend
                0x0000000000007f90       0x58 .pio\build\cubecell_board\libFrameworkArduino.a(radio.c.o)
                0x0000000000007f90                RadioSend
 .text.RadioSleep
                0x0000000000007fe8       0x10 .pio\build\cubecell_board\libFrameworkArduino.a(radio.c.o)
                0x0000000000007fe8                RadioSleep
 .text.RadioSetRxDutyCycle
                0x0000000000007ff8        0x8 .pio\build\cubecell_board\libFrameworkArduino.a(radio.c.o)
                0x0000000000007ff8                RadioSetRxDutyCycle
 .text.RadioStartCad
                0x0000000000008000       0x64 .pio\build\cubecell_board\libFrameworkArduino.a(radio.c.o)
                0x0000000000008000                RadioStartCad
 .text.RadioSetTxContinuousWave
                0x0000000000008064       0x44 .pio\build\cubecell_board\libFrameworkArduino.a(radio.c.o)
                0x0000000000008064                RadioSetTxContinuousWave
 .text.RadioWrite
                0x00000000000080a8        0x8 .pio\build\cubecell_board\libFrameworkArduino.a(radio.c.o)
                0x00000000000080a8                RadioWrite
 .text.RadioRead
                0x00000000000080b0        0x8 .pio\build\cubecell_board\libFrameworkArduino.a(radio.c.o)
                0x00000000000080b0                RadioRead
 .text.RadioWriteBuffer
                0x00000000000080b8        0x8 .pio\build\cubecell_board\libFrameworkArduino.a(radio.c.o)
                0x00000000000080b8                RadioWriteBuffer
 .text.RadioReadBuffer
                0x00000000000080c0        0x8 .pio\build\cubecell_board\libFrameworkArduino.a(radio.c.o)
                0x00000000000080c0                RadioReadBuffer
 .text.RadioGetWakeupTime
                0x00000000000080c8        0xa .pio\build\cubecell_board\libFrameworkArduino.a(radio.c.o)
                0x00000000000080c8                RadioGetWakeupTime
 *fill*         0x00000000000080d2        0x2 
 .text.RadioOnTxTimeoutIrq
                0x00000000000080d4       0x20 .pio\build\cubecell_board\libFrameworkArduino.a(radio.c.o)
                0x00000000000080d4                RadioOnTxTimeoutIrq
 .text.RadioOnRxTimeoutIrq
                0x00000000000080f4       0x20 .pio\build\cubecell_board\libFrameworkArduino.a(radio.c.o)
                0x00000000000080f4                RadioOnRxTimeoutIrq
 .text.RadioOnCadTimeoutIrq
                0x0000000000008114       0x20 .pio\build\cubecell_board\libFrameworkArduino.a(radio.c.o)
                0x0000000000008114                RadioOnCadTimeoutIrq
 .text.RadioGetFskBandwidthRegValue
                0x0000000000008134       0x34 .pio\build\cubecell_board\libFrameworkArduino.a(radio.c.o)
 .text.RadioSetMaxPayloadLength
                0x0000000000008168       0x38 .pio\build\cubecell_board\libFrameworkArduino.a(radio.c.o)
                0x0000000000008168                RadioSetMaxPayloadLength
 .text.RadioRx  0x00000000000081a0       0x54 .pio\build\cubecell_board\libFrameworkArduino.a(radio.c.o)
                0x00000000000081a0                RadioRx
 .text.RadioRxBoosted
                0x00000000000081f4       0x48 .pio\build\cubecell_board\libFrameworkArduino.a(radio.c.o)
                0x00000000000081f4                RadioRxBoosted
 .text.RadioIrqProcess
                0x000000000000823c      0x13c .pio\build\cubecell_board\libFrameworkArduino.a(radio.c.o)
                0x000000000000823c                RadioIrqProcess
 .text.RadioSetPublicNetwork
                0x0000000000008378       0x40 .pio\build\cubecell_board\libFrameworkArduino.a(radio.c.o)
                0x0000000000008378                RadioSetPublicNetwork
 .text.RadioSetModem.part.0
                0x00000000000083b8       0x20 .pio\build\cubecell_board\libFrameworkArduino.a(radio.c.o)
 .text.RadioSetModem
                0x00000000000083d8       0x20 .pio\build\cubecell_board\libFrameworkArduino.a(radio.c.o)
                0x00000000000083d8                RadioSetModem
 .text.RadioIsChannelFree
                0x00000000000083f8       0x50 .pio\build\cubecell_board\libFrameworkArduino.a(radio.c.o)
                0x00000000000083f8                RadioIsChannelFree
 .text.RadioRandom
                0x0000000000008448       0x38 .pio\build\cubecell_board\libFrameworkArduino.a(radio.c.o)
                0x0000000000008448                RadioRandom
 .text.RadioSymbTime
                0x0000000000008480       0x2c .pio\build\cubecell_board\libFrameworkArduino.a(radio.c.o)
                0x0000000000008480                RadioSymbTime
 .text.RadioSetRxConfig
                0x00000000000084ac      0x23c .pio\build\cubecell_board\libFrameworkArduino.a(radio.c.o)
                0x00000000000084ac                RadioSetRxConfig
 .text.RadioSetTxConfig
                0x00000000000086e8      0x1c4 .pio\build\cubecell_board\libFrameworkArduino.a(radio.c.o)
                0x00000000000086e8                RadioSetTxConfig
 .text.RadioTimeOnAir
                0x00000000000088ac      0x198 .pio\build\cubecell_board\libFrameworkArduino.a(radio.c.o)
                0x00000000000088ac                RadioTimeOnAir
 .text.SX126xGetOperatingMode
                0x0000000000008a44        0xc .pio\build\cubecell_board\libFrameworkArduino.a(sx126x.c.o)
                0x0000000000008a44                SX126xGetOperatingMode
 .text.SX126xSetOperatingMode
                0x0000000000008a50        0xc .pio\build\cubecell_board\libFrameworkArduino.a(sx126x.c.o)
                0x0000000000008a50                SX126xSetOperatingMode
 .text.SX126xCheckDeviceReady
                0x0000000000008a5c       0x24 .pio\build\cubecell_board\libFrameworkArduino.a(sx126x.c.o)
                0x0000000000008a5c                SX126xCheckDeviceReady
 .text.SX126xSetPayload
                0x0000000000008a80        0xe .pio\build\cubecell_board\libFrameworkArduino.a(sx126x.c.o)
                0x0000000000008a80                SX126xSetPayload
 .text.SX126xSetSyncWord
                0x0000000000008a8e       0x10 .pio\build\cubecell_board\libFrameworkArduino.a(sx126x.c.o)
                0x0000000000008a8e                SX126xSetSyncWord
 *fill*         0x0000000000008a9e        0x2 
 .text.SX126xSetCrcSeed
                0x0000000000008aa0       0x24 .pio\build\cubecell_board\libFrameworkArduino.a(sx126x.c.o)
                0x0000000000008aa0                SX126xSetCrcSeed
 .text.SX126xSetCrcPolynomial
                0x0000000000008ac4       0x24 .pio\build\cubecell_board\libFrameworkArduino.a(sx126x.c.o)
                0x0000000000008ac4                SX126xSetCrcPolynomial
 .text.SX126xSetWhiteningSeed
                0x0000000000008ae8       0x3c .pio\build\cubecell_board\libFrameworkArduino.a(sx126x.c.o)
                0x0000000000008ae8                SX126xSetWhiteningSeed
 .text.SX126xSetSleep
                0x0000000000008b24       0x20 .pio\build\cubecell_board\libFrameworkArduino.a(sx126x.c.o)
                0x0000000000008b24                SX126xSetSleep
 .text.SX126xSetStandby
                0x0000000000008b44       0x28 .pio\build\cubecell_board\libFrameworkArduino.a(sx126x.c.o)
                0x0000000000008b44                SX126xSetStandby
 .text.SX126xSetTx
                0x0000000000008b6c       0x24 .pio\build\cubecell_board\libFrameworkArduino.a(sx126x.c.o)
                0x0000000000008b6c                SX126xSetTx
 .text.SX126xSendPayload
                0x0000000000008b90       0x10 .pio\build\cubecell_board\libFrameworkArduino.a(sx126x.c.o)
                0x0000000000008b90                SX126xSendPayload
 .text.SX126xSetRx
                0x0000000000008ba0       0x24 .pio\build\cubecell_board\libFrameworkArduino.a(sx126x.c.o)
                0x0000000000008ba0                SX126xSetRx
 .text.SX126xSetRxBoosted
                0x0000000000008bc4       0x30 .pio\build\cubecell_board\libFrameworkArduino.a(sx126x.c.o)
                0x0000000000008bc4                SX126xSetRxBoosted
 .text.SX126xSetRxDutyCycle
                0x0000000000008bf4       0x2c .pio\build\cubecell_board\libFrameworkArduino.a(sx126x.c.o)
                0x0000000000008bf4                SX126xSetRxDutyCycle
 .text.SX126xSetCad
                0x0000000000008c20       0x18 .pio\build\cubecell_board\libFrameworkArduino.a(sx126x.c.o)
                0x0000000000008c20                SX126xSetCad
 .text.SX126xSetTxContinuousWave
                0x0000000000008c38        0xe .pio\build\cubecell_board\libFrameworkArduino.a(sx126x.c.o)
                0x0000000000008c38                SX126xSetTxContinuousWave
 .text.SX126xSetStopRxTimerOnPreambleDetect
                0x0000000000008c46       0x12 .pio\build\cubecell_board\libFrameworkArduino.a(sx126x.c.o)
                0x0000000000008c46                SX126xSetStopRxTimerOnPreambleDetect
 .text.SX126xSetLoRaSymbNumTimeout
                0x0000000000008c58       0x12 .pio\build\cubecell_board\libFrameworkArduino.a(sx126x.c.o)
                0x0000000000008c58                SX126xSetLoRaSymbNumTimeout
 .text.SX126xSetRegulatorMode
                0x0000000000008c6a       0x12 .pio\build\cubecell_board\libFrameworkArduino.a(sx126x.c.o)
                0x0000000000008c6a                SX126xSetRegulatorMode
 .text.SX126xCalibrate
                0x0000000000008c7c       0x10 .pio\build\cubecell_board\libFrameworkArduino.a(sx126x.c.o)
                0x0000000000008c7c                SX126xCalibrate
 .text.SX126xCalibrateImage
                0x0000000000008c8c       0x68 .pio\build\cubecell_board\libFrameworkArduino.a(sx126x.c.o)
                0x0000000000008c8c                SX126xCalibrateImage
 .text.SX126xSetPaConfig
                0x0000000000008cf4       0x18 .pio\build\cubecell_board\libFrameworkArduino.a(sx126x.c.o)
                0x0000000000008cf4                SX126xSetPaConfig
 .text.SX126xSetDioIrqParams
                0x0000000000008d0c       0x20 .pio\build\cubecell_board\libFrameworkArduino.a(sx126x.c.o)
                0x0000000000008d0c                SX126xSetDioIrqParams
 .text.SX126xGetIrqStatus
                0x0000000000008d2c       0x1a .pio\build\cubecell_board\libFrameworkArduino.a(sx126x.c.o)
                0x0000000000008d2c                SX126xGetIrqStatus
 .text.SX126xSetDio2AsRfSwitchCtrl
                0x0000000000008d46       0x12 .pio\build\cubecell_board\libFrameworkArduino.a(sx126x.c.o)
                0x0000000000008d46                SX126xSetDio2AsRfSwitchCtrl
 .text.SX126xSetDio3AsTcxoCtrl
                0x0000000000008d58       0x1e .pio\build\cubecell_board\libFrameworkArduino.a(sx126x.c.o)
                0x0000000000008d58                SX126xSetDio3AsTcxoCtrl
 *fill*         0x0000000000008d76        0x2 
 .text.SX126xInit
                0x0000000000008d78       0x4c .pio\build\cubecell_board\libFrameworkArduino.a(sx126x.c.o)
                0x0000000000008d78                SX126xInit
 .text.SX126xSetRfFrequency
                0x0000000000008dc4       0x40 .pio\build\cubecell_board\libFrameworkArduino.a(sx126x.c.o)
                0x0000000000008dc4                SX126xSetRfFrequency
 .text.SX126xSetPacketType
                0x0000000000008e04       0x1c .pio\build\cubecell_board\libFrameworkArduino.a(sx126x.c.o)
                0x0000000000008e04                SX126xSetPacketType
 .text.SX126xGetPacketType
                0x0000000000008e20        0xc .pio\build\cubecell_board\libFrameworkArduino.a(sx126x.c.o)
                0x0000000000008e20                SX126xGetPacketType
 .text.SX126xSetTxParams
                0x0000000000008e2c       0xb4 .pio\build\cubecell_board\libFrameworkArduino.a(sx126x.c.o)
                0x0000000000008e2c                SX126xSetTxParams
 .text.SX126xSetModulationParams
                0x0000000000008ee0       0xa0 .pio\build\cubecell_board\libFrameworkArduino.a(sx126x.c.o)
                0x0000000000008ee0                SX126xSetModulationParams
 .text.SX126xSetPacketParams
                0x0000000000008f80       0xa8 .pio\build\cubecell_board\libFrameworkArduino.a(sx126x.c.o)
                0x0000000000008f80                SX126xSetPacketParams
 .text.SX126xSetCadParams
                0x0000000000009028       0x30 .pio\build\cubecell_board\libFrameworkArduino.a(sx126x.c.o)
                0x0000000000009028                SX126xSetCadParams
 .text.SX126xSetBufferBaseAddress
                0x0000000000009058       0x14 .pio\build\cubecell_board\libFrameworkArduino.a(sx126x.c.o)
                0x0000000000009058                SX126xSetBufferBaseAddress
 .text.SX126xGetRssiInst
                0x000000000000906c       0x16 .pio\build\cubecell_board\libFrameworkArduino.a(sx126x.c.o)
                0x000000000000906c                SX126xGetRssiInst
 *fill*         0x0000000000009082        0x2 
 .text.SX126xGetRxBufferStatus
                0x0000000000009084       0x4c .pio\build\cubecell_board\libFrameworkArduino.a(sx126x.c.o)
                0x0000000000009084                SX126xGetRxBufferStatus
 .text.SX126xGetPayload
                0x00000000000090d0       0x2c .pio\build\cubecell_board\libFrameworkArduino.a(sx126x.c.o)
                0x00000000000090d0                SX126xGetPayload
 .text.SX126xGetPacketStatus
                0x00000000000090fc       0x78 .pio\build\cubecell_board\libFrameworkArduino.a(sx126x.c.o)
                0x00000000000090fc                SX126xGetPacketStatus
 .text.SX126xClearIrqStatus
                0x0000000000009174       0x12 .pio\build\cubecell_board\libFrameworkArduino.a(sx126x.c.o)
                0x0000000000009174                SX126xClearIrqStatus
 *fill*         0x0000000000009186        0x2 
 .text.SetMlmeScheduleUplinkIndication
                0x0000000000009188       0x14 .pio\build\cubecell_board\libFrameworkArduino.a(LoRaMac.c.o)
 .text.AddMacCommand
                0x000000000000919c      0x188 .pio\build\cubecell_board\libFrameworkArduino.a(LoRaMac.c.o)
 .text.ResetMacParameters
                0x0000000000009324       0x9c .pio\build\cubecell_board\libFrameworkArduino.a(LoRaMac.c.o)
 .text.OnAckTimeoutTimerEvent
                0x00000000000093c0       0x44 .pio\build\cubecell_board\libFrameworkArduino.a(LoRaMac.c.o)
 .text.ValidatePayloadLength
                0x0000000000009404       0x58 .pio\build\cubecell_board\libFrameworkArduino.a(LoRaMac.c.o)
 .text.PrepareRxDoneAbort
                0x000000000000945c       0x40 .pio\build\cubecell_board\libFrameworkArduino.a(LoRaMac.c.o)
 .text.ProcessMacCommands
                0x000000000000949c      0x428 .pio\build\cubecell_board\libFrameworkArduino.a(LoRaMac.c.o)
 .text.OnRadioRxDone
                0x00000000000098c4      0x5e0 .pio\build\cubecell_board\libFrameworkArduino.a(LoRaMac.c.o)
                0x00000000000098c4                OnRadioRxDone
 .text.RxWindowSetup
                0x0000000000009ea4       0x18 .pio\build\cubecell_board\libFrameworkArduino.a(LoRaMac.c.o)
 .text.OnRxWindow2TimerEvent
                0x0000000000009ebc       0x8c .pio\build\cubecell_board\libFrameworkArduino.a(LoRaMac.c.o)
 .text.OpenContinuousRx2Window
                0x0000000000009f48       0x14 .pio\build\cubecell_board\libFrameworkArduino.a(LoRaMac.c.o)
 .text.OnRadioRxTimeout
                0x0000000000009f5c       0xfc .pio\build\cubecell_board\libFrameworkArduino.a(LoRaMac.c.o)
 .text.OnRadioTxTimeout
                0x000000000000a058       0x48 .pio\build\cubecell_board\libFrameworkArduino.a(LoRaMac.c.o)
 .text.OnRadioRxError
                0x000000000000a0a0       0xf8 .pio\build\cubecell_board\libFrameworkArduino.a(LoRaMac.c.o)
 .text.OnRadioTxDone
                0x000000000000a198      0x150 .pio\build\cubecell_board\libFrameworkArduino.a(LoRaMac.c.o)
 .text.OnRxWindow1TimerEvent
                0x000000000000a2e8       0x88 .pio\build\cubecell_board\libFrameworkArduino.a(LoRaMac.c.o)
 .text.PrepareFrame
                0x000000000000a370      0x344 .pio\build\cubecell_board\libFrameworkArduino.a(LoRaMac.c.o)
                0x000000000000a370                PrepareFrame
 .text.SendFrameOnChannel
                0x000000000000a6b4      0x124 .pio\build\cubecell_board\libFrameworkArduino.a(LoRaMac.c.o)
                0x000000000000a6b4                SendFrameOnChannel
 .text.ScheduleTx
                0x000000000000a7d8      0x1c8 .pio\build\cubecell_board\libFrameworkArduino.a(LoRaMac.c.o)
 .text.Send     0x000000000000a9a0       0x4c .pio\build\cubecell_board\libFrameworkArduino.a(LoRaMac.c.o)
                0x000000000000a9a0                Send
 .text.OnTxDelayedTimerEvent
                0x000000000000a9ec       0x74 .pio\build\cubecell_board\libFrameworkArduino.a(LoRaMac.c.o)
 .text.OnMacStateCheckTimerEvent
                0x000000000000aa60      0x324 .pio\build\cubecell_board\libFrameworkArduino.a(LoRaMac.c.o)
 .text.SetTxContinuousWave
                0x000000000000ad84       0x64 .pio\build\cubecell_board\libFrameworkArduino.a(LoRaMac.c.o)
                0x000000000000ad84                SetTxContinuousWave
 .text.SetTxContinuousWave1
                0x000000000000ade8       0x3c .pio\build\cubecell_board\libFrameworkArduino.a(LoRaMac.c.o)
                0x000000000000ade8                SetTxContinuousWave1
 .text.LoRaMacInitialization
                0x000000000000ae24      0x2f0 .pio\build\cubecell_board\libFrameworkArduino.a(LoRaMac.c.o)
                0x000000000000ae24                LoRaMacInitialization
 .text.LoRaMacQueryTxPossible
                0x000000000000b114       0xd0 .pio\build\cubecell_board\libFrameworkArduino.a(LoRaMac.c.o)
                0x000000000000b114                LoRaMacQueryTxPossible
 .text.LoRaMacMibGetRequestConfirm
                0x000000000000b1e4      0x13c .pio\build\cubecell_board\libFrameworkArduino.a(LoRaMac.c.o)
                0x000000000000b1e4                LoRaMacMibGetRequestConfirm
 .text.LoRaMacChannelAdd
                0x000000000000b320       0x34 .pio\build\cubecell_board\libFrameworkArduino.a(LoRaMac.c.o)
                0x000000000000b320                LoRaMacChannelAdd
 .text.LoRaMacMulticastChannelLink
                0x000000000000b354       0x3c .pio\build\cubecell_board\libFrameworkArduino.a(LoRaMac.c.o)
                0x000000000000b354                LoRaMacMulticastChannelLink
 .text.LoRaMacMulticastChannelUnlink
                0x000000000000b390       0x40 .pio\build\cubecell_board\libFrameworkArduino.a(LoRaMac.c.o)
                0x000000000000b390                LoRaMacMulticastChannelUnlink
 .text.LoRaMacMibSetRequestConfirm
                0x000000000000b3d0      0x378 .pio\build\cubecell_board\libFrameworkArduino.a(LoRaMac.c.o)
                0x000000000000b3d0                LoRaMacMibSetRequestConfirm
 .text.LoRaMacMlmeRequest
                0x000000000000b748      0x228 .pio\build\cubecell_board\libFrameworkArduino.a(LoRaMac.c.o)
                0x000000000000b748                LoRaMacMlmeRequest
 .text.LoRaMacMcpsRequest
                0x000000000000b970      0x14c .pio\build\cubecell_board\libFrameworkArduino.a(LoRaMac.c.o)
                0x000000000000b970                LoRaMacMcpsRequest
 .text.LoRaMacConfirmQueueInit
                0x000000000000babc       0x28 .pio\build\cubecell_board\libFrameworkArduino.a(LoRaMacConfirmQueue.c.o)
                0x000000000000babc                LoRaMacConfirmQueueInit
 .text.LoRaMacConfirmQueueAdd
                0x000000000000bae4       0x3c .pio\build\cubecell_board\libFrameworkArduino.a(LoRaMacConfirmQueue.c.o)
                0x000000000000bae4                LoRaMacConfirmQueueAdd
 .text.LoRaMacConfirmQueueRemoveLast
                0x000000000000bb20       0x28 .pio\build\cubecell_board\libFrameworkArduino.a(LoRaMacConfirmQueue.c.o)
                0x000000000000bb20                LoRaMacConfirmQueueRemoveLast
 .text.LoRaMacConfirmQueueRemoveFirst
                0x000000000000bb48       0x28 .pio\build\cubecell_board\libFrameworkArduino.a(LoRaMacConfirmQueue.c.o)
                0x000000000000bb48                LoRaMacConfirmQueueRemoveFirst
 .text.LoRaMacConfirmQueueSetStatus
                0x000000000000bb70       0x38 .pio\build\cubecell_board\libFrameworkArduino.a(LoRaMacConfirmQueue.c.o)
                0x000000000000bb70                LoRaMacConfirmQueueSetStatus
 .text.LoRaMacConfirmQueueGetStatus
                0x000000000000bba8       0x38 .pio\build\cubecell_board\libFrameworkArduino.a(LoRaMacConfirmQueue.c.o)
                0x000000000000bba8                LoRaMacConfirmQueueGetStatus
 .text.LoRaMacConfirmQueueSetStatusCmn
                0x000000000000bbe0       0x38 .pio\build\cubecell_board\libFrameworkArduino.a(LoRaMacConfirmQueue.c.o)
                0x000000000000bbe0                LoRaMacConfirmQueueSetStatusCmn
 .text.LoRaMacConfirmQueueGetStatusCmn
                0x000000000000bc18        0xc .pio\build\cubecell_board\libFrameworkArduino.a(LoRaMacConfirmQueue.c.o)
                0x000000000000bc18                LoRaMacConfirmQueueGetStatusCmn
 .text.LoRaMacConfirmQueueIsCmdActive
                0x000000000000bc24       0x30 .pio\build\cubecell_board\libFrameworkArduino.a(LoRaMacConfirmQueue.c.o)
                0x000000000000bc24                LoRaMacConfirmQueueIsCmdActive
 .text.LoRaMacConfirmQueueHandleCb
                0x000000000000bc54       0x54 .pio\build\cubecell_board\libFrameworkArduino.a(LoRaMacConfirmQueue.c.o)
                0x000000000000bc54                LoRaMacConfirmQueueHandleCb
 .text.LoRaMacConfirmQueueGetCnt
                0x000000000000bca8        0xc .pio\build\cubecell_board\libFrameworkArduino.a(LoRaMacConfirmQueue.c.o)
                0x000000000000bca8                LoRaMacConfirmQueueGetCnt
 .text.LoRaMacConfirmQueueIsFull
                0x000000000000bcb4       0x14 .pio\build\cubecell_board\libFrameworkArduino.a(LoRaMacConfirmQueue.c.o)
                0x000000000000bcb4                LoRaMacConfirmQueueIsFull
 .text.LoRaMacComputeMic
                0x000000000000bcc8       0x84 .pio\build\cubecell_board\libFrameworkArduino.a(LoRaMacCrypto.c.o)
                0x000000000000bcc8                LoRaMacComputeMic
 .text.LoRaMacPayloadEncrypt
                0x000000000000bd4c       0xe0 .pio\build\cubecell_board\libFrameworkArduino.a(LoRaMacCrypto.c.o)
                0x000000000000bd4c                LoRaMacPayloadEncrypt
 .text.LoRaMacPayloadDecrypt
                0x000000000000be2c       0x1a .pio\build\cubecell_board\libFrameworkArduino.a(LoRaMacCrypto.c.o)
                0x000000000000be2c                LoRaMacPayloadDecrypt
 *fill*         0x000000000000be46        0x2 
 .text.LoRaMacJoinComputeMic
                0x000000000000be48       0x50 .pio\build\cubecell_board\libFrameworkArduino.a(LoRaMacCrypto.c.o)
                0x000000000000be48                LoRaMacJoinComputeMic
 .text.LoRaMacJoinDecrypt
                0x000000000000be98       0x44 .pio\build\cubecell_board\libFrameworkArduino.a(LoRaMacCrypto.c.o)
                0x000000000000be98                LoRaMacJoinDecrypt
 .text.LoRaMacJoinComputeSKeys
                0x000000000000bedc       0x9c .pio\build\cubecell_board\libFrameworkArduino.a(LoRaMacCrypto.c.o)
                0x000000000000bedc                LoRaMacJoinComputeSKeys
 .text.LoRaMacBeaconComputePingOffset
                0x000000000000bf78       0x74 .pio\build\cubecell_board\libFrameworkArduino.a(LoRaMacCrypto.c.o)
                0x000000000000bf78                LoRaMacBeaconComputePingOffset
 .text.RegionIsActive
                0x000000000000bfec        0xa .pio\build\cubecell_board\libFrameworkArduino.a(Region.c.o)
                0x000000000000bfec                RegionIsActive
 .text.RegionGetPhyParam
                0x000000000000bff6       0x18 .pio\build\cubecell_board\libFrameworkArduino.a(Region.c.o)
                0x000000000000bff6                RegionGetPhyParam
 .text.RegionSetBandTxDone
                0x000000000000c00e        0xe .pio\build\cubecell_board\libFrameworkArduino.a(Region.c.o)
                0x000000000000c00e                RegionSetBandTxDone
 .text.RegionInitDefaults
                0x000000000000c01c        0xe .pio\build\cubecell_board\libFrameworkArduino.a(Region.c.o)
                0x000000000000c01c                RegionInitDefaults
 .text.RegionVerify
                0x000000000000c02a       0x18 .pio\build\cubecell_board\libFrameworkArduino.a(Region.c.o)
                0x000000000000c02a                RegionVerify
 .text.RegionApplyCFList
                0x000000000000c042        0xe .pio\build\cubecell_board\libFrameworkArduino.a(Region.c.o)
                0x000000000000c042                RegionApplyCFList
 .text.RegionChanMaskSet
                0x000000000000c050       0x14 .pio\build\cubecell_board\libFrameworkArduino.a(Region.c.o)
                0x000000000000c050                RegionChanMaskSet
 .text.RegionAdrNext
                0x000000000000c064       0x1c .pio\build\cubecell_board\libFrameworkArduino.a(Region.c.o)
                0x000000000000c064                RegionAdrNext
 .text.RegionComputeRxWindowParameters
                0x000000000000c080       0x16 .pio\build\cubecell_board\libFrameworkArduino.a(Region.c.o)
                0x000000000000c080                RegionComputeRxWindowParameters
 .text.RegionRxConfig
                0x000000000000c096       0x18 .pio\build\cubecell_board\libFrameworkArduino.a(Region.c.o)
                0x000000000000c096                RegionRxConfig
 .text.RegionTxConfig
                0x000000000000c0ae       0x1a .pio\build\cubecell_board\libFrameworkArduino.a(Region.c.o)
                0x000000000000c0ae                RegionTxConfig
 .text.RegionLinkAdrReq
                0x000000000000c0c8       0x20 .pio\build\cubecell_board\libFrameworkArduino.a(Region.c.o)
                0x000000000000c0c8                RegionLinkAdrReq
 .text.RegionRxParamSetupReq
                0x000000000000c0e8       0x14 .pio\build\cubecell_board\libFrameworkArduino.a(Region.c.o)
                0x000000000000c0e8                RegionRxParamSetupReq
 .text.RegionNewChannelReq
                0x000000000000c0fc       0x14 .pio\build\cubecell_board\libFrameworkArduino.a(Region.c.o)
                0x000000000000c0fc                RegionNewChannelReq
 .text.RegionTxParamSetupReq
                0x000000000000c110       0x14 .pio\build\cubecell_board\libFrameworkArduino.a(Region.c.o)
                0x000000000000c110                RegionTxParamSetupReq
 .text.RegionDlChannelReq
                0x000000000000c124       0x14 .pio\build\cubecell_board\libFrameworkArduino.a(Region.c.o)
                0x000000000000c124                RegionDlChannelReq
 .text.RegionAlternateDr
                0x000000000000c138       0x14 .pio\build\cubecell_board\libFrameworkArduino.a(Region.c.o)
                0x000000000000c138                RegionAlternateDr
 .text.RegionCalcBackOff